[0.959s] Invoking command in '/home/raju/igv/src/igv': DEBUGINFOD_URLS=https://debuginfod.ubuntu.com PYTHONPATH=/home/raju/igv/build/igv/prefix_override:/usr/lib/python3/dist-packages/colcon_core/task/python/colcon_distutils_commands:/home/raju/igv/install/igv/lib/python3.12/site-packages:${PYTHONPATH} /usr/bin/python3 -W ignore:setup.py install is deprecated -W ignore:easy_install command is deprecated setup.py egg_info --egg-base ../../build/igv build --build-base /home/raju/igv/build/igv/build install --record /home/raju/igv/build/igv/install.log --single-version-externally-managed install_data
[1.276s] running egg_info
[1.297s] writing ../../build/igv/igv.egg-info/PKG-INFO
[1.297s] writing dependency_links to ../../build/igv/igv.egg-info/dependency_links.txt
[1.297s] writing entry points to ../../build/igv/igv.egg-info/entry_points.txt
[1.297s] writing requirements to ../../build/igv/igv.egg-info/requires.txt
[1.297s] writing top-level names to ../../build/igv/igv.egg-info/top_level.txt
[1.341s] reading manifest file '../../build/igv/igv.egg-info/SOURCES.txt'
[1.342s] writing manifest file '../../build/igv/igv.egg-info/SOURCES.txt'
[1.342s] running build
[1.343s] running build_py
[1.343s] running install
[1.351s] running install_lib
[1.373s] running install_data
[1.373s] running install_egg_info
[1.397s] removing '/home/raju/igv/install/igv/lib/python3.12/site-packages/igv-0.0.0-py3.12.egg-info' (and everything under it)
[1.397s] Copying ../../build/igv/igv.egg-info to /home/raju/igv/install/igv/lib/python3.12/site-packages/igv-0.0.0-py3.12.egg-info
[1.398s] running install_scripts
[1.546s] Installing camera_node script to /home/raju/igv/install/igv/lib/igv
[1.546s] Installing fusion script to /home/raju/igv/install/igv/lib/igv
[1.546s] Installing path script to /home/raju/igv/install/igv/lib/igv
[1.546s] Installing remap_scan script to /home/raju/igv/install/igv/lib/igv
[1.546s] Installing terrian script to /home/raju/igv/install/igv/lib/igv
[1.546s] Installing velocity_tune script to /home/raju/igv/install/igv/lib/igv
[1.547s] writing list of installed files to '/home/raju/igv/build/igv/install.log'
[1.581s] Invoked command in '/home/raju/igv/src/igv' returned '0': DEBUGINFOD_URLS=https://debuginfod.ubuntu.com PYTHONPATH=/home/raju/igv/build/igv/prefix_override:/usr/lib/python3/dist-packages/colcon_core/task/python/colcon_distutils_commands:/home/raju/igv/install/igv/lib/python3.12/site-packages:${PYTHONPATH} /usr/bin/python3 -W ignore:setup.py install is deprecated -W ignore:easy_install command is deprecated setup.py egg_info --egg-base ../../build/igv build --build-base /home/raju/igv/build/igv/build install --record /home/raju/igv/build/igv/install.log --single-version-externally-managed install_data
