[0.287s] Invoking command in '/home/raju/igv/build/igv_bringup': CMAKE_PREFIX_PATH=${CMAKE_PREFIX_PATH}:/home/raju/igv/install/igv:/home/raju/hs_ws/install/hs:/home/raju/igv_ws/install/igv:/opt/ros/jazzy DEBUGINFOD_URLS=https://debuginfod.ubuntu.com /usr/bin/cmake --build /home/raju/igv/build/igv_bringup -- -j12 -l12
[0.360s] Invoked command in '/home/raju/igv/build/igv_bringup' returned '0': CMAKE_PREFIX_PATH=${CMAKE_PREFIX_PATH}:/home/raju/igv/install/igv:/home/raju/hs_ws/install/hs:/home/raju/igv_ws/install/igv:/opt/ros/jazzy DEBUGINFOD_URLS=https://debuginfod.ubuntu.com /usr/bin/cmake --build /home/raju/igv/build/igv_bringup -- -j12 -l12
[0.373s] Invoking command in '/home/raju/igv/build/igv_bringup': CMAKE_PREFIX_PATH=${CMAKE_PREFIX_PATH}:/home/raju/igv/install/igv:/home/raju/hs_ws/install/hs:/home/raju/igv_ws/install/igv:/opt/ros/jazzy DEBUGINFOD_URLS=https://debuginfod.ubuntu.com /usr/bin/cmake --install /home/raju/igv/build/igv_bringup
[0.384s] -- Install configuration: ""
[0.385s] -- Execute custom install script
[0.387s] -- Up-to-date symlink: /home/raju/igv/install/igv_bringup/share/igv_bringup/launch/igv.launch.py
[0.387s] -- Up-to-date symlink: /home/raju/igv/install/igv_bringup/share/igv_bringup/launch/igv_f.launch.xml
[0.387s] -- Up-to-date symlink: /home/raju/igv/install/igv_bringup/share/igv_bringup/launch/igv_l.launch.py
[0.387s] -- Up-to-date symlink: /home/raju/igv/install/igv_bringup/share/igv_bringup/launch/igv_pf.launch.xml
[0.387s] -- Up-to-date symlink: /home/raju/igv/install/igv_bringup/share/ament_index/resource_index/package_run_dependencies/igv_bringup
[0.387s] -- Up-to-date symlink: /home/raju/igv/install/igv_bringup/share/ament_index/resource_index/parent_prefix_path/igv_bringup
[0.388s] -- Up-to-date symlink: /home/raju/igv/install/igv_bringup/share/igv_bringup/environment/ament_prefix_path.sh
[0.388s] -- Up-to-date symlink: /home/raju/igv/install/igv_bringup/share/igv_bringup/environment/ament_prefix_path.dsv
[0.388s] -- Up-to-date symlink: /home/raju/igv/install/igv_bringup/share/igv_bringup/environment/path.sh
[0.388s] -- Up-to-date symlink: /home/raju/igv/install/igv_bringup/share/igv_bringup/environment/path.dsv
[0.388s] -- Up-to-date symlink: /home/raju/igv/install/igv_bringup/share/igv_bringup/local_setup.bash
[0.388s] -- Up-to-date symlink: /home/raju/igv/install/igv_bringup/share/igv_bringup/local_setup.sh
[0.389s] -- Up-to-date symlink: /home/raju/igv/install/igv_bringup/share/igv_bringup/local_setup.zsh
[0.389s] -- Up-to-date symlink: /home/raju/igv/install/igv_bringup/share/igv_bringup/local_setup.dsv
[0.389s] -- Symlinking: /home/raju/igv/install/igv_bringup/share/igv_bringup/package.dsv
[0.401s] -- Up-to-date symlink: /home/raju/igv/install/igv_bringup/share/ament_index/resource_index/packages/igv_bringup
[0.401s] -- Up-to-date symlink: /home/raju/igv/install/igv_bringup/share/igv_bringup/cmake/igv_bringupConfig.cmake
[0.401s] -- Up-to-date symlink: /home/raju/igv/install/igv_bringup/share/igv_bringup/cmake/igv_bringupConfig-version.cmake
[0.401s] -- Up-to-date symlink: /home/raju/igv/install/igv_bringup/share/igv_bringup/package.xml
[0.404s] Invoked command in '/home/raju/igv/build/igv_bringup' returned '0': CMAKE_PREFIX_PATH=${CMAKE_PREFIX_PATH}:/home/raju/igv/install/igv:/home/raju/hs_ws/install/hs:/home/raju/igv_ws/install/igv:/opt/ros/jazzy DEBUGINFOD_URLS=https://debuginfod.ubuntu.com /usr/bin/cmake --install /home/raju/igv/build/igv_bringup
