[0.021s] Invoking command in '/home/raju/igv/build/igv_description': CMAKE_PREFIX_PATH=${CMAKE_PREFIX_PATH}:/home/raju/igv/install/igv:/home/raju/hs_ws/install/hs:/home/raju/igv_ws/install/igv:/opt/ros/jazzy DEBUGINFOD_URLS=https://debuginfod.ubuntu.com /usr/bin/cmake /home/raju/igv/src/igv_description -DAMENT_CMAKE_SYMLINK_INSTALL=1 -DCMAKE_INSTALL_PREFIX=/home/raju/igv/install/igv_description
[0.042s] -- Found ament_cmake: 2.5.5 (/opt/ros/jazzy/share/ament_cmake/cmake)
[0.367s] -- Override CMake install command with custom implementation using symlinks instead of copying resources
[0.502s] -- Configuring done (0.5s)
[0.507s] -- Generating done (0.0s)
[0.509s] -- Build files have been written to: /home/raju/igv/build/igv_description
[0.514s] Invoked command in '/home/raju/igv/build/igv_description' returned '0': CMAKE_PREFIX_PATH=${CMAKE_PREFIX_PATH}:/home/raju/igv/install/igv:/home/raju/hs_ws/install/hs:/home/raju/igv_ws/install/igv:/opt/ros/jazzy DEBUGINFOD_URLS=https://debuginfod.ubuntu.com /usr/bin/cmake /home/raju/igv/src/igv_description -DAMENT_CMAKE_SYMLINK_INSTALL=1 -DCMAKE_INSTALL_PREFIX=/home/raju/igv/install/igv_description
[0.516s] Invoking command in '/home/raju/igv/build/igv_description': CMAKE_PREFIX_PATH=${CMAKE_PREFIX_PATH}:/home/raju/igv/install/igv:/home/raju/hs_ws/install/hs:/home/raju/igv_ws/install/igv:/opt/ros/jazzy DEBUGINFOD_URLS=https://debuginfod.ubuntu.com /usr/bin/cmake --build /home/raju/igv/build/igv_description -- -j12 -l12
[0.575s] Invoked command in '/home/raju/igv/build/igv_description' returned '0': CMAKE_PREFIX_PATH=${CMAKE_PREFIX_PATH}:/home/raju/igv/install/igv:/home/raju/hs_ws/install/hs:/home/raju/igv_ws/install/igv:/opt/ros/jazzy DEBUGINFOD_URLS=https://debuginfod.ubuntu.com /usr/bin/cmake --build /home/raju/igv/build/igv_description -- -j12 -l12
[0.590s] Invoking command in '/home/raju/igv/build/igv_description': CMAKE_PREFIX_PATH=${CMAKE_PREFIX_PATH}:/home/raju/igv/install/igv:/home/raju/hs_ws/install/hs:/home/raju/igv_ws/install/igv:/opt/ros/jazzy DEBUGINFOD_URLS=https://debuginfod.ubuntu.com /usr/bin/cmake --install /home/raju/igv/build/igv_description
[0.602s] -- Install configuration: ""
[0.602s] -- Execute custom install script
[0.603s] -- Up-to-date symlink: /home/raju/igv/install/igv_description/share/igv_description/rviz/urdf.rviz
[0.603s] -- Up-to-date symlink: /home/raju/igv/install/igv_description/share/igv_description/urdf/igv.urdf.xacro
[0.603s] -- Up-to-date symlink: /home/raju/igv/install/igv_description/share/igv_description/urdf/materials.xacro
[0.603s] -- Up-to-date symlink: /home/raju/igv/install/igv_description/share/igv_description/urdf/plugins.xacro
[0.604s] -- Up-to-date symlink: /home/raju/igv/install/igv_description/share/igv_description/urdf/str.xacro
[0.604s] -- Up-to-date symlink: /home/raju/igv/install/igv_description/share/igv_description/launch/igv.launch.py
[0.604s] -- Up-to-date symlink: /home/raju/igv/install/igv_description/share/igv_description/launch/igv_d.launch.xml
[0.604s] -- Up-to-date symlink: /home/raju/igv/install/igv_description/share/igv_description/config/lifecycle.yaml
[0.604s] -- Up-to-date symlink: /home/raju/igv/install/igv_description/share/igv_description/config/nav2.yaml
[0.604s] -- Up-to-date symlink: /home/raju/igv/install/igv_description/share/igv_description/config/nav2_h.yaml
[0.605s] -- Up-to-date symlink: /home/raju/igv/install/igv_description/share/igv_description/config/ros_gz_bridge.yaml
[0.605s] -- Up-to-date symlink: /home/raju/igv/install/igv_description/share/igv_description/config/slam.yaml
[0.605s] -- Up-to-date symlink: /home/raju/igv/install/igv_description/share/igv_description/config/twist_mux.yaml
[0.605s] -- Up-to-date symlink: /home/raju/igv/install/igv_description/share/igv_description/models/test_room/meshes/bank_world.stl
[0.605s] -- Up-to-date symlink: /home/raju/igv/install/igv_description/share/igv_description/models/test_room/meshes/empty_room.stl
[0.605s] -- Up-to-date symlink: /home/raju/igv/install/igv_description/share/igv_description/models/test_room/model.config
[0.605s] -- Up-to-date symlink: /home/raju/igv/install/igv_description/share/igv_description/models/test_room/model.sdf
[0.606s] -- Up-to-date symlink: /home/raju/igv/install/igv_description/share/igv_description/worlds/test_world.sdf
[0.606s] -- Up-to-date symlink: /home/raju/igv/install/igv_description/share/ament_index/resource_index/package_run_dependencies/igv_description
[0.606s] -- Up-to-date symlink: /home/raju/igv/install/igv_description/share/ament_index/resource_index/parent_prefix_path/igv_description
[0.607s] -- Up-to-date symlink: /home/raju/igv/install/igv_description/share/igv_description/environment/ament_prefix_path.sh
[0.607s] -- Up-to-date symlink: /home/raju/igv/install/igv_description/share/igv_description/environment/ament_prefix_path.dsv
[0.607s] -- Up-to-date symlink: /home/raju/igv/install/igv_description/share/igv_description/environment/path.sh
[0.607s] -- Up-to-date symlink: /home/raju/igv/install/igv_description/share/igv_description/environment/path.dsv
[0.608s] -- Up-to-date symlink: /home/raju/igv/install/igv_description/share/igv_description/local_setup.bash
[0.608s] -- Up-to-date symlink: /home/raju/igv/install/igv_description/share/igv_description/local_setup.sh
[0.608s] -- Up-to-date symlink: /home/raju/igv/install/igv_description/share/igv_description/local_setup.zsh
[0.608s] -- Up-to-date symlink: /home/raju/igv/install/igv_description/share/igv_description/local_setup.dsv
[0.608s] -- Symlinking: /home/raju/igv/install/igv_description/share/igv_description/package.dsv
[0.622s] -- Up-to-date symlink: /home/raju/igv/install/igv_description/share/ament_index/resource_index/packages/igv_description
[0.623s] -- Up-to-date symlink: /home/raju/igv/install/igv_description/share/igv_description/cmake/igv_descriptionConfig.cmake
[0.623s] -- Up-to-date symlink: /home/raju/igv/install/igv_description/share/igv_description/cmake/igv_descriptionConfig-version.cmake
[0.623s] -- Up-to-date symlink: /home/raju/igv/install/igv_description/share/igv_description/package.xml
[0.625s] Invoked command in '/home/raju/igv/build/igv_description' returned '0': CMAKE_PREFIX_PATH=${CMAKE_PREFIX_PATH}:/home/raju/igv/install/igv:/home/raju/hs_ws/install/hs:/home/raju/igv_ws/install/igv:/opt/ros/jazzy DEBUGINFOD_URLS=https://debuginfod.ubuntu.com /usr/bin/cmake --install /home/raju/igv/build/igv_description
