[0.024s] Invoking command in '/home/raju/igv/build/depthai_examples': CMAKE_PREFIX_PATH=/home/raju/igv/install/depthai_bridge:/home/raju/igv/install/depthai_ros_msgs:/home/raju/igv/install/depthai_descriptions:/home/raju/igv/install/ydlidar_sdk:/home/raju/igv/install/ydlidar_ros2_driver:/home/raju/igv/install/igv_description:/home/raju/igv/install/igv_bringup:/home/raju/igv/install/depthai-ros:/home/raju/igv/install/depthai_ros_driver:/home/raju/igv/install/depthai_filters:/home/raju/hs_ws/install/hs_test_:/home/raju/igv_ws/install/ydlidar_ros2_driver:/home/raju/igv_ws/install/igv_description:/home/raju/igv_ws/install/igv_bringup:/opt/ros/jazzy/opt/gz_math_vendor:/opt/ros/jazzy/opt/gz_utils_vendor:/opt/ros/jazzy/opt/gz_cmake_vendor:/home/raju/igv/install/igv:/home/raju/hs_ws/install/hs:/home/raju/igv_ws/install/igv:/opt/ros/jazzy DEBUGINFOD_URLS=https://debuginfod.ubuntu.com GAZEBO_MODEL_PATH=/home/raju/igv/install/depthai_descriptions:${GAZEBO_MODEL_PATH} GAZEBO_RESOURCE_PATH=/home/raju/igv/install/depthai_descriptions:${GAZEBO_RESOURCE_PATH} IGN_GAZEBO_MODEL_PATH=/home/raju/igv/install/depthai_descriptions:${IGN_GAZEBO_MODEL_PATH} IGN_GAZEBO_RESOURCE_PATH=/home/raju/igv/install/depthai_descriptions:${IGN_GAZEBO_RESOURCE_PATH} LD_LIBRARY_PATH=/home/raju/igv/install/depthai_bridge/lib:/home/raju/igv/install/depthai_ros_msgs/lib:/home/raju/igv/install/depthai_ros_driver/lib:/home/raju/igv/install/depthai_filters/lib:/opt/ros/jazzy/opt/rviz_ogre_vendor/lib:/opt/ros/jazzy/lib/x86_64-linux-gnu:/opt/ros/jazzy/opt/gz_math_vendor/lib:/opt/ros/jazzy/opt/gz_utils_vendor/lib:/opt/ros/jazzy/opt/gz_cmake_vendor/lib:/opt/ros/jazzy/lib PS1=\[\e]0;\u@\h: \w\a\]${debian_chroot:+($debian_chroot)}\[\033[01;32m\]\u@\h\[\033[00m\]:\[\033[01;34m\]\w\[\033[00m\]\$ PYTHONPATH=/home/raju/igv/install/depthai_ros_msgs/lib/python3.12/site-packages:/home/raju/igv/install/igv/lib/python3.12/site-packages:/home/raju/igv/install/depthai_ros_driver/lib/python3.12/site-packages:/home/raju/hs_ws/install/hs/lib/python3.12/site-packages:/home/raju/igv_ws/install/igv/lib/python3.12/site-packages:/opt/ros/jazzy/lib/python3.12/site-packages /usr/bin/cmake /home/raju/igv/src/depthai-ros/depthai_examples -DCMAKE_INSTALL_PREFIX=/home/raju/igv/install/depthai_examples
[0.174s] -- The CXX compiler identification is GNU 13.3.0
[0.272s] -- The C compiler identification is GNU 13.3.0
[0.301s] -- Detecting CXX compiler ABI info
[0.436s] -- Detecting CXX compiler ABI info - done
[0.451s] -- Check for working CXX compiler: /usr/bin/c++ - skipped
[0.452s] -- Detecting CXX compile features
[0.454s] -- Detecting CXX compile features - done
[0.467s] -- Detecting C compiler ABI info
[0.580s] -- Detecting C compiler ABI info - done
[0.591s] -- Check for working C compiler: /usr/bin/cc - skipped
[0.591s] -- Detecting C compile features
[0.592s] -- Detecting C compile features - done
[34.780s] -- Found ament_cmake: 2.5.5 (/opt/ros/jazzy/share/ament_cmake/cmake)
[34.996s] -- Found Python3: /usr/bin/python3 (found version "3.12.3") found components: Interpreter 
[35.169s] -- ------------------------------------------
[35.169s] -- Depthai Bridge is being built using AMENT.
[35.169s] -- ------------------------------------------
[35.172s] -- Found camera_info_manager: 5.1.7 (/opt/ros/jazzy/share/camera_info_manager/cmake)
[35.254s] -- Found rosidl_generator_c: 4.6.7 (/opt/ros/jazzy/share/rosidl_generator_c/cmake)
[35.273s] -- Found rosidl_generator_cpp: 4.6.7 (/opt/ros/jazzy/share/rosidl_generator_cpp/cmake)
[35.300s] -- Using all available rosidl_typesupport_c: rosidl_typesupport_fastrtps_c;rosidl_typesupport_introspection_c
[35.333s] -- Using all available rosidl_typesupport_cpp: rosidl_typesupport_fastrtps_cpp;rosidl_typesupport_introspection_cpp
[35.447s] -- Found rmw_implementation_cmake: 7.3.3 (/opt/ros/jazzy/share/rmw_implementation_cmake/cmake)
[35.452s] -- Found rmw_fastrtps_cpp: 8.4.3 (/opt/ros/jazzy/share/rmw_fastrtps_cpp/cmake)
[35.576s] -- Found OpenSSL: /usr/lib/x86_64-linux-gnu/libcrypto.so (found version "3.0.13")  
[35.609s] -- Found FastRTPS: /opt/ros/jazzy/include (Required is at least version "2.13") 
[35.649s] -- Using RMW implementation 'rmw_fastrtps_cpp' as default
[35.850s] -- Setting yaml-cpp_DIR to: '/opt/ros/jazzy/share/yaml_cpp_vendor/cmake/../../../opt/yaml_cpp_vendor/share/cmake/yaml-cpp'
[35.906s] -- Found cv_bridge: 4.1.0 (/opt/ros/jazzy/share/cv_bridge/cmake)
[36.054s] -- Found depthai_ros_msgs: 2.12.2 (/home/raju/igv/install/depthai_ros_msgs/share/depthai_ros_msgs/cmake)
[36.134s] -- Found depthai_bridge: 2.12.2 (/home/raju/igv/install/depthai_bridge/share/depthai_bridge/cmake)
[36.427s] -- Found eigen3_cmake_module: 0.3.0 (/opt/ros/jazzy/share/eigen3_cmake_module/cmake)
[36.429s] -- Found Eigen3: TRUE (found version "3.4.0") 
[36.429s] -- Ensuring Eigen3 include directory is part of orocos-kdl CMake target
[36.674s] -- Configuring done (36.6s)
[36.780s] -- Generating done (0.1s)
[36.813s] -- Build files have been written to: /home/raju/igv/build/depthai_examples
[36.832s] Invoked command in '/home/raju/igv/build/depthai_examples' returned '0': CMAKE_PREFIX_PATH=/home/raju/igv/install/depthai_bridge:/home/raju/igv/install/depthai_ros_msgs:/home/raju/igv/install/depthai_descriptions:/home/raju/igv/install/ydlidar_sdk:/home/raju/igv/install/ydlidar_ros2_driver:/home/raju/igv/install/igv_description:/home/raju/igv/install/igv_bringup:/home/raju/igv/install/depthai-ros:/home/raju/igv/install/depthai_ros_driver:/home/raju/igv/install/depthai_filters:/home/raju/hs_ws/install/hs_test_:/home/raju/igv_ws/install/ydlidar_ros2_driver:/home/raju/igv_ws/install/igv_description:/home/raju/igv_ws/install/igv_bringup:/opt/ros/jazzy/opt/gz_math_vendor:/opt/ros/jazzy/opt/gz_utils_vendor:/opt/ros/jazzy/opt/gz_cmake_vendor:/home/raju/igv/install/igv:/home/raju/hs_ws/install/hs:/home/raju/igv_ws/install/igv:/opt/ros/jazzy DEBUGINFOD_URLS=https://debuginfod.ubuntu.com GAZEBO_MODEL_PATH=/home/raju/igv/install/depthai_descriptions:${GAZEBO_MODEL_PATH} GAZEBO_RESOURCE_PATH=/home/raju/igv/install/depthai_descriptions:${GAZEBO_RESOURCE_PATH} IGN_GAZEBO_MODEL_PATH=/home/raju/igv/install/depthai_descriptions:${IGN_GAZEBO_MODEL_PATH} IGN_GAZEBO_RESOURCE_PATH=/home/raju/igv/install/depthai_descriptions:${IGN_GAZEBO_RESOURCE_PATH} LD_LIBRARY_PATH=/home/raju/igv/install/depthai_bridge/lib:/home/raju/igv/install/depthai_ros_msgs/lib:/home/raju/igv/install/depthai_ros_driver/lib:/home/raju/igv/install/depthai_filters/lib:/opt/ros/jazzy/opt/rviz_ogre_vendor/lib:/opt/ros/jazzy/lib/x86_64-linux-gnu:/opt/ros/jazzy/opt/gz_math_vendor/lib:/opt/ros/jazzy/opt/gz_utils_vendor/lib:/opt/ros/jazzy/opt/gz_cmake_vendor/lib:/opt/ros/jazzy/lib PS1=\[\e]0;\u@\h: \w\a\]${debian_chroot:+($debian_chroot)}\[\033[01;32m\]\u@\h\[\033[00m\]:\[\033[01;34m\]\w\[\033[00m\]\$ PYTHONPATH=/home/raju/igv/install/depthai_ros_msgs/lib/python3.12/site-packages:/home/raju/igv/install/igv/lib/python3.12/site-packages:/home/raju/igv/install/depthai_ros_driver/lib/python3.12/site-packages:/home/raju/hs_ws/install/hs/lib/python3.12/site-packages:/home/raju/igv_ws/install/igv/lib/python3.12/site-packages:/opt/ros/jazzy/lib/python3.12/site-packages /usr/bin/cmake /home/raju/igv/src/depthai-ros/depthai_examples -DCMAKE_INSTALL_PREFIX=/home/raju/igv/install/depthai_examples
[36.834s] Invoking command in '/home/raju/igv/build/depthai_examples': CMAKE_PREFIX_PATH=/home/raju/igv/install/depthai_bridge:/home/raju/igv/install/depthai_ros_msgs:/home/raju/igv/install/depthai_descriptions:/home/raju/igv/install/ydlidar_sdk:/home/raju/igv/install/ydlidar_ros2_driver:/home/raju/igv/install/igv_description:/home/raju/igv/install/igv_bringup:/home/raju/igv/install/depthai-ros:/home/raju/igv/install/depthai_ros_driver:/home/raju/igv/install/depthai_filters:/home/raju/hs_ws/install/hs_test_:/home/raju/igv_ws/install/ydlidar_ros2_driver:/home/raju/igv_ws/install/igv_description:/home/raju/igv_ws/install/igv_bringup:/opt/ros/jazzy/opt/gz_math_vendor:/opt/ros/jazzy/opt/gz_utils_vendor:/opt/ros/jazzy/opt/gz_cmake_vendor:/home/raju/igv/install/igv:/home/raju/hs_ws/install/hs:/home/raju/igv_ws/install/igv:/opt/ros/jazzy DEBUGINFOD_URLS=https://debuginfod.ubuntu.com GAZEBO_MODEL_PATH=/home/raju/igv/install/depthai_descriptions:${GAZEBO_MODEL_PATH} GAZEBO_RESOURCE_PATH=/home/raju/igv/install/depthai_descriptions:${GAZEBO_RESOURCE_PATH} IGN_GAZEBO_MODEL_PATH=/home/raju/igv/install/depthai_descriptions:${IGN_GAZEBO_MODEL_PATH} IGN_GAZEBO_RESOURCE_PATH=/home/raju/igv/install/depthai_descriptions:${IGN_GAZEBO_RESOURCE_PATH} LD_LIBRARY_PATH=/home/raju/igv/install/depthai_bridge/lib:/home/raju/igv/install/depthai_ros_msgs/lib:/home/raju/igv/install/depthai_ros_driver/lib:/home/raju/igv/install/depthai_filters/lib:/opt/ros/jazzy/opt/rviz_ogre_vendor/lib:/opt/ros/jazzy/lib/x86_64-linux-gnu:/opt/ros/jazzy/opt/gz_math_vendor/lib:/opt/ros/jazzy/opt/gz_utils_vendor/lib:/opt/ros/jazzy/opt/gz_cmake_vendor/lib:/opt/ros/jazzy/lib PS1=\[\e]0;\u@\h: \w\a\]${debian_chroot:+($debian_chroot)}\[\033[01;32m\]\u@\h\[\033[00m\]:\[\033[01;34m\]\w\[\033[00m\]\$ PYTHONPATH=/home/raju/igv/install/depthai_ros_msgs/lib/python3.12/site-packages:/home/raju/igv/install/igv/lib/python3.12/site-packages:/home/raju/igv/install/depthai_ros_driver/lib/python3.12/site-packages:/home/raju/hs_ws/install/hs/lib/python3.12/site-packages:/home/raju/igv_ws/install/igv/lib/python3.12/site-packages:/opt/ros/jazzy/lib/python3.12/site-packages /usr/bin/cmake --build /home/raju/igv/build/depthai_examples -- -j12 -l12
[36.916s] [  5%] [32mBuilding CXX object CMakeFiles/stereo_inertial_node.dir/src/stereo_inertial_publisher.cpp.o[0m
[36.916s] [ 10%] [32mBuilding CXX object CMakeFiles/yolov4_node.dir/src/yolov4_publisher.cpp.o[0m
[36.916s] [ 20%] [32mBuilding CXX object CMakeFiles/yolov4_spatial_node.dir/src/yolov4_spatial_publisher.cpp.o[0m
[36.917s] [ 20%] [32mBuilding CXX object CMakeFiles/mobilenet_node.dir/src/mobilenet_publisher.cpp.o[0m
[36.917s] [ 25%] [32mBuilding CXX object CMakeFiles/rgb_stereo_node.dir/src/rgb_stereo_node.cpp.o[0m
[36.921s] [ 30%] [32mBuilding CXX object CMakeFiles/crop_control_service.dir/src/crop_control_service.cpp.o[0m
[36.921s] [ 40%] [32mBuilding CXX object CMakeFiles/feature_tracker.dir/src/feature_tracker_publisher.cpp.o[0m
[36.922s] [ 40%] [32mBuilding CXX object CMakeFiles/stereo_node.dir/src/stereo_publisher.cpp.o[0m
[36.922s] [ 45%] [32mBuilding CXX object CMakeFiles/tracker_yolov4_node.dir/src/tracker_yolov4_publisher.cpp.o[0m
[36.923s] [ 50%] [32mBuilding CXX object CMakeFiles/tracker_yolov4_spatial_node.dir/src/tracker_yolov4_spatial_publisher.cpp.o[0m
[43.828s] [ 55%] [32m[1mLinking CXX executable crop_control_service[0m
[44.440s] [ 55%] Built target crop_control_service
