[0.330s] Invoking command in '/home/raju/igv/build/ydlidar_ros2_driver': CMAKE_PREFIX_PATH=${CMAKE_PREFIX_PATH}:/home/raju/igv/install/igv:/home/raju/hs_ws/install/hs:/home/raju/igv_ws/install/igv:/opt/ros/jazzy DEBUGINFOD_URLS=https://debuginfod.ubuntu.com PS1=\[\e]0;\u@\h: \w\a\]${debian_chroot:+($debian_chroot)}\[\033[01;32m\]\u@\h\[\033[00m\]:\[\033[01;34m\]\w\[\033[00m\]\$ /usr/bin/cmake --build /home/raju/igv/build/ydlidar_ros2_driver -- -j12 -l12
[0.411s] [ 50%] Built target ydlidar_ros2_driver_client
[0.415s] [100%] Built target ydlidar_ros2_driver_node
[0.472s] Invoked command in '/home/raju/igv/build/ydlidar_ros2_driver' returned '0': CMAKE_PREFIX_PATH=${CMAKE_PREFIX_PATH}:/home/raju/igv/install/igv:/home/raju/hs_ws/install/hs:/home/raju/igv_ws/install/igv:/opt/ros/jazzy DEBUGINFOD_URLS=https://debuginfod.ubuntu.com PS1=\[\e]0;\u@\h: \w\a\]${debian_chroot:+($debian_chroot)}\[\033[01;32m\]\u@\h\[\033[00m\]:\[\033[01;34m\]\w\[\033[00m\]\$ /usr/bin/cmake --build /home/raju/igv/build/ydlidar_ros2_driver -- -j12 -l12
[0.475s] Invoking command in '/home/raju/igv/build/ydlidar_ros2_driver': CMAKE_PREFIX_PATH=${CMAKE_PREFIX_PATH}:/home/raju/igv/install/igv:/home/raju/hs_ws/install/hs:/home/raju/igv_ws/install/igv:/opt/ros/jazzy DEBUGINFOD_URLS=https://debuginfod.ubuntu.com PS1=\[\e]0;\u@\h: \w\a\]${debian_chroot:+($debian_chroot)}\[\033[01;32m\]\u@\h\[\033[00m\]:\[\033[01;34m\]\w\[\033[00m\]\$ /usr/bin/cmake --install /home/raju/igv/build/ydlidar_ros2_driver
[0.495s] -- Install configuration: ""
[0.495s] -- Up-to-date: /home/raju/igv/install/ydlidar_ros2_driver/lib/ydlidar_ros2_driver/ydlidar_ros2_driver_node
[0.495s] -- Up-to-date: /home/raju/igv/install/ydlidar_ros2_driver/lib/ydlidar_ros2_driver/ydlidar_ros2_driver_client
[0.496s] -- Up-to-date: /home/raju/igv/install/ydlidar_ros2_driver/share/ydlidar_ros2_driver/launch
[0.496s] -- Up-to-date: /home/raju/igv/install/ydlidar_ros2_driver/share/ydlidar_ros2_driver/launch/ydlidar_launch.py
[0.496s] -- Up-to-date: /home/raju/igv/install/ydlidar_ros2_driver/share/ydlidar_ros2_driver/launch/ydlidar.py
[0.496s] -- Up-to-date: /home/raju/igv/install/ydlidar_ros2_driver/share/ydlidar_ros2_driver/launch/ydlidar_launch_view.py
[0.496s] -- Up-to-date: /home/raju/igv/install/ydlidar_ros2_driver/share/ydlidar_ros2_driver/params
[0.498s] -- Up-to-date: /home/raju/igv/install/ydlidar_ros2_driver/share/ydlidar_ros2_driver/params/G1.yaml
[0.498s] -- Up-to-date: /home/raju/igv/install/ydlidar_ros2_driver/share/ydlidar_ros2_driver/params/sdm15.yaml
[0.498s] -- Up-to-date: /home/raju/igv/install/ydlidar_ros2_driver/share/ydlidar_ros2_driver/params/X4-Pro.yaml
[0.503s] -- Up-to-date: /home/raju/igv/install/ydlidar_ros2_driver/share/ydlidar_ros2_driver/params/Tmini.yaml
[0.503s] -- Up-to-date: /home/raju/igv/install/ydlidar_ros2_driver/share/ydlidar_ros2_driver/params/G2.yaml
[0.503s] -- Up-to-date: /home/raju/igv/install/ydlidar_ros2_driver/share/ydlidar_ros2_driver/params/ydlidar.yaml
[0.503s] -- Up-to-date: /home/raju/igv/install/ydlidar_ros2_driver/share/ydlidar_ros2_driver/params/Tmini-Plus-SH.yaml
[0.503s] -- Up-to-date: /home/raju/igv/install/ydlidar_ros2_driver/share/ydlidar_ros2_driver/params/GS2.yaml
[0.503s] -- Up-to-date: /home/raju/igv/install/ydlidar_ros2_driver/share/ydlidar_ros2_driver/params/G6.yaml
[0.503s] -- Up-to-date: /home/raju/igv/install/ydlidar_ros2_driver/share/ydlidar_ros2_driver/params/X3.yaml
[0.503s] -- Up-to-date: /home/raju/igv/install/ydlidar_ros2_driver/share/ydlidar_ros2_driver/params/TG.yaml
[0.504s] -- Up-to-date: /home/raju/igv/install/ydlidar_ros2_driver/share/ydlidar_ros2_driver/params/TEA.yaml
[0.506s] -- Up-to-date: /home/raju/igv/install/ydlidar_ros2_driver/share/ydlidar_ros2_driver/params/G4.yaml
[0.506s] -- Up-to-date: /home/raju/igv/install/ydlidar_ros2_driver/share/ydlidar_ros2_driver/params/X4.yaml
[0.506s] -- Up-to-date: /home/raju/igv/install/ydlidar_ros2_driver/share/ydlidar_ros2_driver/params/X2.yaml
[0.507s] -- Up-to-date: /home/raju/igv/install/ydlidar_ros2_driver/share/ydlidar_ros2_driver/params/GS5.yaml
[0.507s] -- Up-to-date: /home/raju/igv/install/ydlidar_ros2_driver/share/ydlidar_ros2_driver/startup
[0.507s] -- Up-to-date: /home/raju/igv/install/ydlidar_ros2_driver/share/ydlidar_ros2_driver/startup/initenv.sh
[0.508s] -- Up-to-date: /home/raju/igv/install/ydlidar_ros2_driver/share/ydlidar_ros2_driver/config
[0.508s] -- Up-to-date: /home/raju/igv/install/ydlidar_ros2_driver/share/ydlidar_ros2_driver/config/ydlidar.rviz
[0.508s] -- Up-to-date: /home/raju/igv/install/ydlidar_ros2_driver/share/ament_index/resource_index/package_run_dependencies/ydlidar_ros2_driver
[0.508s] -- Up-to-date: /home/raju/igv/install/ydlidar_ros2_driver/share/ament_index/resource_index/parent_prefix_path/ydlidar_ros2_driver
[0.508s] -- Up-to-date: /home/raju/igv/install/ydlidar_ros2_driver/share/ydlidar_ros2_driver/environment/ament_prefix_path.sh
[0.508s] -- Up-to-date: /home/raju/igv/install/ydlidar_ros2_driver/share/ydlidar_ros2_driver/environment/ament_prefix_path.dsv
[0.509s] -- Up-to-date: /home/raju/igv/install/ydlidar_ros2_driver/share/ydlidar_ros2_driver/environment/path.sh
[0.509s] -- Up-to-date: /home/raju/igv/install/ydlidar_ros2_driver/share/ydlidar_ros2_driver/environment/path.dsv
[0.509s] -- Up-to-date: /home/raju/igv/install/ydlidar_ros2_driver/share/ydlidar_ros2_driver/local_setup.bash
[0.510s] -- Up-to-date: /home/raju/igv/install/ydlidar_ros2_driver/share/ydlidar_ros2_driver/local_setup.sh
[0.511s] -- Up-to-date: /home/raju/igv/install/ydlidar_ros2_driver/share/ydlidar_ros2_driver/local_setup.zsh
[0.511s] -- Up-to-date: /home/raju/igv/install/ydlidar_ros2_driver/share/ydlidar_ros2_driver/local_setup.dsv
[0.511s] -- Installing: /home/raju/igv/install/ydlidar_ros2_driver/share/ydlidar_ros2_driver/package.dsv
[0.512s] -- Up-to-date: /home/raju/igv/install/ydlidar_ros2_driver/share/ament_index/resource_index/packages/ydlidar_ros2_driver
[0.512s] -- Up-to-date: /home/raju/igv/install/ydlidar_ros2_driver/share/ydlidar_ros2_driver/cmake/ydlidar_ros2_driverConfig.cmake
[0.512s] -- Up-to-date: /home/raju/igv/install/ydlidar_ros2_driver/share/ydlidar_ros2_driver/cmake/ydlidar_ros2_driverConfig-version.cmake
[0.512s] -- Up-to-date: /home/raju/igv/install/ydlidar_ros2_driver/share/ydlidar_ros2_driver/package.xml
[0.517s] Invoked command in '/home/raju/igv/build/ydlidar_ros2_driver' returned '0': CMAKE_PREFIX_PATH=${CMAKE_PREFIX_PATH}:/home/raju/igv/install/igv:/home/raju/hs_ws/install/hs:/home/raju/igv_ws/install/igv:/opt/ros/jazzy DEBUGINFOD_URLS=https://debuginfod.ubuntu.com PS1=\[\e]0;\u@\h: \w\a\]${debian_chroot:+($debian_chroot)}\[\033[01;32m\]\u@\h\[\033[00m\]:\[\033[01;34m\]\w\[\033[00m\]\$ /usr/bin/cmake --install /home/raju/igv/build/ydlidar_ros2_driver
