[0.547s] Invoking command in '/home/raju/igv/src/igv': DEBUGINFOD_URLS=https://debuginfod.ubuntu.com PS1=\[\e]0;\u@\h: \w\a\]${debian_chroot:+($debian_chroot)}\[\033[01;32m\]\u@\h\[\033[00m\]:\[\033[01;34m\]\w\[\033[00m\]\$ PYTHONPATH=/home/raju/igv/build/igv/prefix_override:/usr/lib/python3/dist-packages/colcon_core/task/python/colcon_distutils_commands:/home/raju/igv/install/igv/lib/python3.12/site-packages:${PYTHONPATH} /usr/bin/python3 -W ignore:setup.py install is deprecated -W ignore:easy_install command is deprecated setup.py egg_info --egg-base ../../build/igv build --build-base /home/raju/igv/build/igv/build install --record /home/raju/igv/build/igv/install.log --single-version-externally-managed install_data
[0.704s] running egg_info
[0.715s] writing ../../build/igv/igv.egg-info/PKG-INFO
[0.717s] writing dependency_links to ../../build/igv/igv.egg-info/dependency_links.txt
[0.718s] writing entry points to ../../build/igv/igv.egg-info/entry_points.txt
[0.718s] writing requirements to ../../build/igv/igv.egg-info/requires.txt
[0.718s] writing top-level names to ../../build/igv/igv.egg-info/top_level.txt
[0.739s] reading manifest file '../../build/igv/igv.egg-info/SOURCES.txt'
[0.739s] writing manifest file '../../build/igv/igv.egg-info/SOURCES.txt'
[0.740s] running build
[0.740s] running build_py
[0.741s] running install
[0.744s] running install_lib
[0.755s] running install_data
[0.755s] running install_egg_info
[0.767s] removing '/home/raju/igv/install/igv/lib/python3.12/site-packages/igv-0.0.0-py3.12.egg-info' (and everything under it)
[0.767s] Copying ../../build/igv/igv.egg-info to /home/raju/igv/install/igv/lib/python3.12/site-packages/igv-0.0.0-py3.12.egg-info
[0.768s] running install_scripts
[0.841s] Installing camera_node script to /home/raju/igv/install/igv/lib/igv
[0.842s] Installing fusion script to /home/raju/igv/install/igv/lib/igv
[0.842s] Installing lidar_filter script to /home/raju/igv/install/igv/lib/igv
[0.842s] Installing oak_test script to /home/raju/igv/install/igv/lib/igv
[0.842s] Installing odom_node script to /home/raju/igv/install/igv/lib/igv
[0.842s] Installing path_coordinates_node script to /home/raju/igv/install/igv/lib/igv
[0.842s] Installing qr_code_node script to /home/raju/igv/install/igv/lib/igv
[0.842s] Installing remap_scan script to /home/raju/igv/install/igv/lib/igv
[0.843s] Installing terrian script to /home/raju/igv/install/igv/lib/igv
[0.843s] Installing velocity_tune script to /home/raju/igv/install/igv/lib/igv
[0.843s] Installing waypoint_node script to /home/raju/igv/install/igv/lib/igv
[0.843s] writing list of installed files to '/home/raju/igv/build/igv/install.log'
[0.862s] Invoked command in '/home/raju/igv/src/igv' returned '0': DEBUGINFOD_URLS=https://debuginfod.ubuntu.com PS1=\[\e]0;\u@\h: \w\a\]${debian_chroot:+($debian_chroot)}\[\033[01;32m\]\u@\h\[\033[00m\]:\[\033[01;34m\]\w\[\033[00m\]\$ PYTHONPATH=/home/raju/igv/build/igv/prefix_override:/usr/lib/python3/dist-packages/colcon_core/task/python/colcon_distutils_commands:/home/raju/igv/install/igv/lib/python3.12/site-packages:${PYTHONPATH} /usr/bin/python3 -W ignore:setup.py install is deprecated -W ignore:easy_install command is deprecated setup.py egg_info --egg-base ../../build/igv build --build-base /home/raju/igv/build/igv/build install --record /home/raju/igv/build/igv/install.log --single-version-externally-managed install_data
