[0.409s] Invoking command in '/home/raju/igv/build/igv_bringup': CMAKE_PREFIX_PATH=${CMAKE_PREFIX_PATH}:/home/raju/igv/install/igv:/home/raju/hs_ws/install/hs:/home/raju/igv_ws/install/igv:/opt/ros/jazzy DEBUGINFOD_URLS=https://debuginfod.ubuntu.com /usr/bin/cmake /home/raju/igv/src/igv_bringup -DCMAKE_INSTALL_PREFIX=/home/raju/igv/install/igv_bringup
[0.439s] -- Found ament_cmake: 2.5.5 (/opt/ros/jazzy/share/ament_cmake/cmake)
[0.828s] -- Override CMake install command with custom implementation using symlinks instead of copying resources
[0.989s] -- Configuring done (0.6s)
[0.999s] -- Generating done (0.0s)
[1.003s] -- Build files have been written to: /home/raju/igv/build/igv_bringup
[1.008s] Invoked command in '/home/raju/igv/build/igv_bringup' returned '0': CMAKE_PREFIX_PATH=${CMAKE_PREFIX_PATH}:/home/raju/igv/install/igv:/home/raju/hs_ws/install/hs:/home/raju/igv_ws/install/igv:/opt/ros/jazzy DEBUGINFOD_URLS=https://debuginfod.ubuntu.com /usr/bin/cmake /home/raju/igv/src/igv_bringup -DCMAKE_INSTALL_PREFIX=/home/raju/igv/install/igv_bringup
[1.009s] Invoking command in '/home/raju/igv/build/igv_bringup': CMAKE_PREFIX_PATH=${CMAKE_PREFIX_PATH}:/home/raju/igv/install/igv:/home/raju/hs_ws/install/hs:/home/raju/igv_ws/install/igv:/opt/ros/jazzy DEBUGINFOD_URLS=https://debuginfod.ubuntu.com /usr/bin/cmake --build /home/raju/igv/build/igv_bringup -- -j12 -l12
[1.100s] Invoked command in '/home/raju/igv/build/igv_bringup' returned '0': CMAKE_PREFIX_PATH=${CMAKE_PREFIX_PATH}:/home/raju/igv/install/igv:/home/raju/hs_ws/install/hs:/home/raju/igv_ws/install/igv:/opt/ros/jazzy DEBUGINFOD_URLS=https://debuginfod.ubuntu.com /usr/bin/cmake --build /home/raju/igv/build/igv_bringup -- -j12 -l12
[1.102s] Invoking command in '/home/raju/igv/build/igv_bringup': CMAKE_PREFIX_PATH=${CMAKE_PREFIX_PATH}:/home/raju/igv/install/igv:/home/raju/hs_ws/install/hs:/home/raju/igv_ws/install/igv:/opt/ros/jazzy DEBUGINFOD_URLS=https://debuginfod.ubuntu.com /usr/bin/cmake --install /home/raju/igv/build/igv_bringup
[1.114s] -- Install configuration: ""
[1.114s] -- Execute custom install script
[1.118s] -- Up-to-date symlink: /home/raju/igv/install/igv_bringup/share/igv_bringup/launch/igv.launch.py
[1.118s] -- Up-to-date symlink: /home/raju/igv/install/igv_bringup/share/igv_bringup/launch/igv_f.launch.xml
[1.118s] -- Symlinking: /home/raju/igv/install/igv_bringup/share/igv_bringup/launch/igv_l.launch.py
[1.130s] -- Up-to-date symlink: /home/raju/igv/install/igv_bringup/share/igv_bringup/launch/igv_pf.launch.xml
[1.130s] -- Up-to-date symlink: /home/raju/igv/install/igv_bringup/share/ament_index/resource_index/package_run_dependencies/igv_bringup
[1.131s] -- Up-to-date symlink: /home/raju/igv/install/igv_bringup/share/ament_index/resource_index/parent_prefix_path/igv_bringup
[1.131s] -- Up-to-date symlink: /home/raju/igv/install/igv_bringup/share/igv_bringup/environment/ament_prefix_path.sh
[1.132s] -- Up-to-date symlink: /home/raju/igv/install/igv_bringup/share/igv_bringup/environment/ament_prefix_path.dsv
[1.132s] -- Up-to-date symlink: /home/raju/igv/install/igv_bringup/share/igv_bringup/environment/path.sh
[1.133s] -- Up-to-date symlink: /home/raju/igv/install/igv_bringup/share/igv_bringup/environment/path.dsv
[1.133s] -- Up-to-date symlink: /home/raju/igv/install/igv_bringup/share/igv_bringup/local_setup.bash
[1.133s] -- Up-to-date symlink: /home/raju/igv/install/igv_bringup/share/igv_bringup/local_setup.sh
[1.134s] -- Up-to-date symlink: /home/raju/igv/install/igv_bringup/share/igv_bringup/local_setup.zsh
[1.134s] -- Up-to-date symlink: /home/raju/igv/install/igv_bringup/share/igv_bringup/local_setup.dsv
[1.134s] -- Symlinking: /home/raju/igv/install/igv_bringup/share/igv_bringup/package.dsv
[1.151s] -- Up-to-date symlink: /home/raju/igv/install/igv_bringup/share/ament_index/resource_index/packages/igv_bringup
[1.152s] -- Up-to-date symlink: /home/raju/igv/install/igv_bringup/share/igv_bringup/cmake/igv_bringupConfig.cmake
[1.152s] -- Up-to-date symlink: /home/raju/igv/install/igv_bringup/share/igv_bringup/cmake/igv_bringupConfig-version.cmake
[1.152s] -- Up-to-date symlink: /home/raju/igv/install/igv_bringup/share/igv_bringup/package.xml
[1.155s] Invoked command in '/home/raju/igv/build/igv_bringup' returned '0': CMAKE_PREFIX_PATH=${CMAKE_PREFIX_PATH}:/home/raju/igv/install/igv:/home/raju/hs_ws/install/hs:/home/raju/igv_ws/install/igv:/opt/ros/jazzy DEBUGINFOD_URLS=https://debuginfod.ubuntu.com /usr/bin/cmake --install /home/raju/igv/build/igv_bringup
