running egg_info
writing ../../build/igv/igv.egg-info/PKG-INFO
writing dependency_links to ../../build/igv/igv.egg-info/dependency_links.txt
writing entry points to ../../build/igv/igv.egg-info/entry_points.txt
writing requirements to ../../build/igv/igv.egg-info/requires.txt
writing top-level names to ../../build/igv/igv.egg-info/top_level.txt
reading manifest file '../../build/igv/igv.egg-info/SOURCES.txt'
writing manifest file '../../build/igv/igv.egg-info/SOURCES.txt'
running build
running build_py
copying igv/stage_1.py -> /home/raju/igv/build/igv/build/lib/igv
copying igv/terrian_detection.py -> /home/raju/igv/build/igv/build/lib/igv
copying igv/obstacle_camera.py -> /home/raju/igv/build/igv/build/lib/igv
copying igv/camera.py -> /home/raju/igv/build/igv/build/lib/igv
copying igv/behaivour.py -> /home/raju/igv/build/igv/build/lib/igv
running install
running install_lib
copying /home/raju/igv/build/igv/build/lib/igv/stage_1.py -> /home/raju/igv/install/igv/lib/python3.12/site-packages/igv
copying /home/raju/igv/build/igv/build/lib/igv/terrian_detection.py -> /home/raju/igv/install/igv/lib/python3.12/site-packages/igv
copying /home/raju/igv/build/igv/build/lib/igv/obstacle_camera.py -> /home/raju/igv/install/igv/lib/python3.12/site-packages/igv
copying /home/raju/igv/build/igv/build/lib/igv/camera.py -> /home/raju/igv/install/igv/lib/python3.12/site-packages/igv
copying /home/raju/igv/build/igv/build/lib/igv/behaivour.py -> /home/raju/igv/install/igv/lib/python3.12/site-packages/igv
byte-compiling /home/raju/igv/install/igv/lib/python3.12/site-packages/igv/stage_1.py to stage_1.cpython-312.pyc
byte-compiling /home/raju/igv/install/igv/lib/python3.12/site-packages/igv/terrian_detection.py to terrian_detection.cpython-312.pyc
byte-compiling /home/raju/igv/install/igv/lib/python3.12/site-packages/igv/obstacle_camera.py to obstacle_camera.cpython-312.pyc
byte-compiling /home/raju/igv/install/igv/lib/python3.12/site-packages/igv/camera.py to camera.cpython-312.pyc
byte-compiling /home/raju/igv/install/igv/lib/python3.12/site-packages/igv/behaivour.py to behaivour.cpython-312.pyc
running install_data
running install_egg_info
removing '/home/raju/igv/install/igv/lib/python3.12/site-packages/igv-0.0.0-py3.12.egg-info' (and everything under it)
Copying ../../build/igv/igv.egg-info to /home/raju/igv/install/igv/lib/python3.12/site-packages/igv-0.0.0-py3.12.egg-info
running install_scripts
Installing camera_node script to /home/raju/igv/install/igv/lib/igv
Installing fusion script to /home/raju/igv/install/igv/lib/igv
Installing path script to /home/raju/igv/install/igv/lib/igv
Installing remap_scan script to /home/raju/igv/install/igv/lib/igv
Installing terrian script to /home/raju/igv/install/igv/lib/igv
Installing velocity_tune script to /home/raju/igv/install/igv/lib/igv
writing list of installed files to '/home/raju/igv/build/igv/install.log'
