[0.023s] Invoking command in '/home/raju/igv/build/igv_description': CMAKE_PREFIX_PATH=${CMAKE_PREFIX_PATH}:/home/raju/igv/install/igv:/home/raju/hs_ws/install/hs:/home/raju/igv_ws/install/igv:/opt/ros/jazzy DEBUGINFOD_URLS=https://debuginfod.ubuntu.com /usr/bin/cmake --build /home/raju/igv/build/igv_description -- -j12 -l12
[0.091s] Invoked command in '/home/raju/igv/build/igv_description' returned '0': CMAKE_PREFIX_PATH=${CMAKE_PREFIX_PATH}:/home/raju/igv/install/igv:/home/raju/hs_ws/install/hs:/home/raju/igv_ws/install/igv:/opt/ros/jazzy DEBUGINFOD_URLS=https://debuginfod.ubuntu.com /usr/bin/cmake --build /home/raju/igv/build/igv_description -- -j12 -l12
[0.108s] Invoking command in '/home/raju/igv/build/igv_description': CMAKE_PREFIX_PATH=${CMAKE_PREFIX_PATH}:/home/raju/igv/install/igv:/home/raju/hs_ws/install/hs:/home/raju/igv_ws/install/igv:/opt/ros/jazzy DEBUGINFOD_URLS=https://debuginfod.ubuntu.com /usr/bin/cmake --install /home/raju/igv/build/igv_description
[0.121s] -- Install configuration: ""
[0.122s] -- Execute custom install script
[0.123s] -- Up-to-date symlink: /home/raju/igv/install/igv_description/share/igv_description/rviz/urdf.rviz
[0.123s] -- Up-to-date symlink: /home/raju/igv/install/igv_description/share/igv_description/urdf/igv.urdf.xacro
[0.123s] -- Up-to-date symlink: /home/raju/igv/install/igv_description/share/igv_description/urdf/materials.xacro
[0.124s] -- Up-to-date symlink: /home/raju/igv/install/igv_description/share/igv_description/urdf/plugins.xacro
[0.124s] -- Up-to-date symlink: /home/raju/igv/install/igv_description/share/igv_description/urdf/str.xacro
[0.124s] -- Symlinking: /home/raju/igv/install/igv_description/share/igv_description/launch/igv.launch.py
[0.138s] -- Up-to-date symlink: /home/raju/igv/install/igv_description/share/igv_description/launch/igv_d.launch.xml
[0.138s] -- Up-to-date symlink: /home/raju/igv/install/igv_description/share/igv_description/config/lifecycle.yaml
[0.138s] -- Up-to-date symlink: /home/raju/igv/install/igv_description/share/igv_description/config/nav2.yaml
[0.139s] -- Symlinking: /home/raju/igv/install/igv_description/share/igv_description/config/nav2_h.yaml
[0.154s] -- Up-to-date symlink: /home/raju/igv/install/igv_description/share/igv_description/config/ros_gz_bridge.yaml
[0.154s] -- Up-to-date symlink: /home/raju/igv/install/igv_description/share/igv_description/config/slam.yaml
[0.154s] -- Up-to-date symlink: /home/raju/igv/install/igv_description/share/igv_description/config/twist_mux.yaml
[0.155s] -- Up-to-date symlink: /home/raju/igv/install/igv_description/share/igv_description/models/test_room/meshes/bank_world.stl
[0.155s] -- Up-to-date symlink: /home/raju/igv/install/igv_description/share/igv_description/models/test_room/meshes/empty_room.stl
[0.155s] -- Up-to-date symlink: /home/raju/igv/install/igv_description/share/igv_description/models/test_room/model.config
[0.155s] -- Up-to-date symlink: /home/raju/igv/install/igv_description/share/igv_description/models/test_room/model.sdf
[0.156s] -- Up-to-date symlink: /home/raju/igv/install/igv_description/share/igv_description/worlds/test_world.sdf
[0.156s] -- Up-to-date symlink: /home/raju/igv/install/igv_description/share/ament_index/resource_index/package_run_dependencies/igv_description
[0.156s] -- Up-to-date symlink: /home/raju/igv/install/igv_description/share/ament_index/resource_index/parent_prefix_path/igv_description
[0.157s] -- Up-to-date symlink: /home/raju/igv/install/igv_description/share/igv_description/environment/ament_prefix_path.sh
[0.157s] -- Up-to-date symlink: /home/raju/igv/install/igv_description/share/igv_description/environment/ament_prefix_path.dsv
[0.157s] -- Up-to-date symlink: /home/raju/igv/install/igv_description/share/igv_description/environment/path.sh
[0.157s] -- Up-to-date symlink: /home/raju/igv/install/igv_description/share/igv_description/environment/path.dsv
[0.157s] -- Up-to-date symlink: /home/raju/igv/install/igv_description/share/igv_description/local_setup.bash
[0.157s] -- Up-to-date symlink: /home/raju/igv/install/igv_description/share/igv_description/local_setup.sh
[0.157s] -- Up-to-date symlink: /home/raju/igv/install/igv_description/share/igv_description/local_setup.zsh
[0.158s] -- Up-to-date symlink: /home/raju/igv/install/igv_description/share/igv_description/local_setup.dsv
[0.158s] -- Symlinking: /home/raju/igv/install/igv_description/share/igv_description/package.dsv
[0.174s] -- Up-to-date symlink: /home/raju/igv/install/igv_description/share/ament_index/resource_index/packages/igv_description
[0.174s] -- Up-to-date symlink: /home/raju/igv/install/igv_description/share/igv_description/cmake/igv_descriptionConfig.cmake
[0.175s] -- Up-to-date symlink: /home/raju/igv/install/igv_description/share/igv_description/cmake/igv_descriptionConfig-version.cmake
[0.175s] -- Up-to-date symlink: /home/raju/igv/install/igv_description/share/igv_description/package.xml
[0.178s] Invoked command in '/home/raju/igv/build/igv_description' returned '0': CMAKE_PREFIX_PATH=${CMAKE_PREFIX_PATH}:/home/raju/igv/install/igv:/home/raju/hs_ws/install/hs:/home/raju/igv_ws/install/igv:/opt/ros/jazzy DEBUGINFOD_URLS=https://debuginfod.ubuntu.com /usr/bin/cmake --install /home/raju/igv/build/igv_description
