[0.031s] Invoking command in '/home/raju/igv/build/depthai_examples': CMAKE_PREFIX_PATH=/home/raju/igv/install/depthai_bridge:/home/raju/igv/install/depthai_ros_msgs:/home/raju/igv/install/depthai_descriptions:/home/raju/microros_ws/install/micro_ros_setup:/home/raju/microros_ws/install/micro_ros_agent:/home/raju/microros_ws/install/micro_ros_msgs:/home/raju/microros_ws/install/drive_base_msgs:/home/raju/igv/install/ydlidar_sdk:/home/raju/igv/install/ydlidar_ros2_driver:/home/raju/igv/install/igv_description:/home/raju/igv/install/igv_bringup:/home/raju/igv/install/depthai-ros:/home/raju/igv/install/depthai_ros_driver:/home/raju/igv/install/depthai_filters:/home/raju/hs_ws/install/hs_test_:/home/raju/igv_ws/install/ydlidar_ros2_driver:/home/raju/igv_ws/install/igv_description:/home/raju/igv_ws/install/igv_bringup:/opt/ros/jazzy/opt/gz_sim_vendor:/opt/ros/jazzy/opt/gz_sensors_vendor:/opt/ros/jazzy/opt/gz_physics_vendor:/opt/ros/jazzy/opt/sdformat_vendor:/opt/ros/jazzy/opt/gz_gui_vendor:/opt/ros/jazzy/opt/gz_transport_vendor:/opt/ros/jazzy/opt/gz_rendering_vendor:/opt/ros/jazzy/opt/gz_plugin_vendor:/opt/ros/jazzy/opt/gz_fuel_tools_vendor:/opt/ros/jazzy/opt/gz_msgs_vendor:/opt/ros/jazzy/opt/gz_common_vendor:/opt/ros/jazzy/opt/gz_math_vendor:/opt/ros/jazzy/opt/gz_utils_vendor:/opt/ros/jazzy/opt/gz_tools_vendor:/opt/ros/jazzy/opt/gz_ogre_next_vendor:/opt/ros/jazzy/opt/gz_dartsim_vendor:/opt/ros/jazzy/opt/gz_cmake_vendor:/home/raju/igv/install/igv:/home/raju/hs_ws/install/hs:/home/raju/igv_ws/install/igv:/opt/ros/jazzy DEBUGINFOD_URLS=https://debuginfod.ubuntu.com GAZEBO_MODEL_PATH=/home/raju/igv/install/depthai_descriptions:${GAZEBO_MODEL_PATH} GAZEBO_RESOURCE_PATH=/home/raju/igv/install/depthai_descriptions:${GAZEBO_RESOURCE_PATH} IGN_GAZEBO_MODEL_PATH=/home/raju/igv/install/depthai_descriptions:${IGN_GAZEBO_MODEL_PATH} IGN_GAZEBO_RESOURCE_PATH=/home/raju/igv/install/depthai_descriptions:${IGN_GAZEBO_RESOURCE_PATH} LD_LIBRARY_PATH=/home/raju/igv/install/depthai_bridge/lib:/home/raju/igv/install/depthai_ros_msgs/lib:/home/raju/microros_ws/install/micro_ros_agent/lib:/home/raju/microros_ws/install/micro_ros_msgs/lib:/home/raju/microros_ws/install/drive_base_msgs/lib:/home/raju/igv/install/depthai_ros_driver/lib:/home/raju/igv/install/depthai_filters/lib:/opt/ros/jazzy/opt/gz_sim_vendor/lib:/opt/ros/jazzy/opt/gz_sensors_vendor/lib:/opt/ros/jazzy/opt/gz_physics_vendor/lib:/opt/ros/jazzy/opt/sdformat_vendor/lib:/opt/ros/jazzy/opt/rviz_ogre_vendor/lib:/opt/ros/jazzy/lib/x86_64-linux-gnu:/opt/ros/jazzy/opt/gz_gui_vendor/lib:/opt/ros/jazzy/opt/gz_transport_vendor/lib:/opt/ros/jazzy/opt/gz_rendering_vendor/lib:/opt/ros/jazzy/opt/gz_plugin_vendor/lib:/opt/ros/jazzy/opt/gz_fuel_tools_vendor/lib:/opt/ros/jazzy/opt/gz_msgs_vendor/lib:/opt/ros/jazzy/opt/gz_common_vendor/lib:/opt/ros/jazzy/opt/gz_math_vendor/lib:/opt/ros/jazzy/opt/gz_utils_vendor/lib:/opt/ros/jazzy/opt/gz_tools_vendor/lib:/opt/ros/jazzy/opt/gz_ogre_next_vendor/lib:/opt/ros/jazzy/opt/gz_dartsim_vendor/lib:/opt/ros/jazzy/opt/gz_cmake_vendor/lib:/opt/ros/jazzy/lib PYTHONPATH=/home/raju/igv/install/depthai_ros_msgs/lib/python3.12/site-packages:/home/raju/microros_ws/install/micro_ros_msgs/lib/python3.12/site-packages:/home/raju/microros_ws/install/drive_base_msgs/lib/python3.12/site-packages:/home/raju/igv/install/igv/lib/python3.12/site-packages:/home/raju/igv/install/depthai_ros_driver/lib/python3.12/site-packages:/home/raju/hs_ws/install/hs/lib/python3.12/site-packages:/home/raju/igv_ws/install/igv/lib/python3.12/site-packages:/opt/ros/jazzy/lib/python3.12/site-packages /usr/bin/cmake --build /home/raju/igv/build/depthai_examples -- -j12 -l12
[0.119s] [  5%] [32mBuilding CXX object CMakeFiles/tracker_yolov4_spatial_node.dir/src/tracker_yolov4_spatial_publisher.cpp.o[0m
[0.119s] [ 10%] [32mBuilding CXX object CMakeFiles/feature_tracker.dir/src/feature_tracker_publisher.cpp.o[0m
[0.123s] [ 15%] [32mBuilding CXX object CMakeFiles/rgb_stereo_node.dir/src/rgb_stereo_node.cpp.o[0m
[0.123s] [ 20%] [32mBuilding CXX object CMakeFiles/yolov4_spatial_node.dir/src/yolov4_spatial_publisher.cpp.o[0m
[0.125s] [ 25%] [32mBuilding CXX object CMakeFiles/stereo_inertial_node.dir/src/stereo_inertial_publisher.cpp.o[0m
[0.127s] [ 30%] [32mBuilding CXX object CMakeFiles/stereo_node.dir/src/stereo_publisher.cpp.o[0m
[0.128s] [ 35%] [32mBuilding CXX object CMakeFiles/mobilenet_node.dir/src/mobilenet_publisher.cpp.o[0m
[0.134s] [ 40%] [32mBuilding CXX object CMakeFiles/tracker_yolov4_node.dir/src/tracker_yolov4_publisher.cpp.o[0m
[0.140s] [ 45%] [32mBuilding CXX object CMakeFiles/yolov4_node.dir/src/yolov4_publisher.cpp.o[0m
[0.147s] [ 55%] Built target crop_control_service
[47.719s] [ 60%] [32m[1mLinking CXX executable rgb_stereo_node[0m
[48.683s] [ 65%] [32m[1mLinking CXX executable yolov4_node[0m
[49.159s] [ 70%] [32m[1mLinking CXX executable mobilenet_node[0m
[49.435s] [ 75%] [32m[1mLinking CXX executable stereo_node[0m
[51.297s] [ 80%] [32m[1mLinking CXX executable feature_tracker[0m
[51.847s] [ 85%] [32m[1mLinking CXX executable yolov4_spatial_node[0m
[52.402s] [ 85%] Built target rgb_stereo_node
[52.667s] [ 85%] Built target yolov4_node
[52.814s] [ 85%] Built target mobilenet_node
