[0.007s] Invoking command in '/home/raju/igv/build/igv_description': CMAKE_PREFIX_PATH=${CMAKE_PREFIX_PATH}:/home/raju/igv/install/igv:/home/raju/hs_ws/install/hs:/home/raju/igv_ws/install/igv:/opt/ros/jazzy DEBUGINFOD_URLS=https://debuginfod.ubuntu.com PS1=\[\e]0;\u@\h: \w\a\]${debian_chroot:+($debian_chroot)}\[\033[01;32m\]\u@\h\[\033[00m\]:\[\033[01;34m\]\w\[\033[00m\]\$ /usr/bin/cmake /home/raju/igv/src/igv_description -DCMAKE_INSTALL_PREFIX=/home/raju/igv/install/igv_description
[0.020s] -- Found ament_cmake: 2.5.5 (/opt/ros/jazzy/share/ament_cmake/cmake)
[0.167s] -- Override CMake install command with custom implementation using symlinks instead of copying resources
[0.234s] -- Configuring done (0.2s)
[0.238s] -- Generating done (0.0s)
[0.239s] -- Build files have been written to: /home/raju/igv/build/igv_description
[0.242s] Invoked command in '/home/raju/igv/build/igv_description' returned '0': CMAKE_PREFIX_PATH=${CMAKE_PREFIX_PATH}:/home/raju/igv/install/igv:/home/raju/hs_ws/install/hs:/home/raju/igv_ws/install/igv:/opt/ros/jazzy DEBUGINFOD_URLS=https://debuginfod.ubuntu.com PS1=\[\e]0;\u@\h: \w\a\]${debian_chroot:+($debian_chroot)}\[\033[01;32m\]\u@\h\[\033[00m\]:\[\033[01;34m\]\w\[\033[00m\]\$ /usr/bin/cmake /home/raju/igv/src/igv_description -DCMAKE_INSTALL_PREFIX=/home/raju/igv/install/igv_description
[0.242s] Invoking command in '/home/raju/igv/build/igv_description': CMAKE_PREFIX_PATH=${CMAKE_PREFIX_PATH}:/home/raju/igv/install/igv:/home/raju/hs_ws/install/hs:/home/raju/igv_ws/install/igv:/opt/ros/jazzy DEBUGINFOD_URLS=https://debuginfod.ubuntu.com PS1=\[\e]0;\u@\h: \w\a\]${debian_chroot:+($debian_chroot)}\[\033[01;32m\]\u@\h\[\033[00m\]:\[\033[01;34m\]\w\[\033[00m\]\$ /usr/bin/cmake --build /home/raju/igv/build/igv_description -- -j12 -l12
[0.272s] Invoked command in '/home/raju/igv/build/igv_description' returned '0': CMAKE_PREFIX_PATH=${CMAKE_PREFIX_PATH}:/home/raju/igv/install/igv:/home/raju/hs_ws/install/hs:/home/raju/igv_ws/install/igv:/opt/ros/jazzy DEBUGINFOD_URLS=https://debuginfod.ubuntu.com PS1=\[\e]0;\u@\h: \w\a\]${debian_chroot:+($debian_chroot)}\[\033[01;32m\]\u@\h\[\033[00m\]:\[\033[01;34m\]\w\[\033[00m\]\$ /usr/bin/cmake --build /home/raju/igv/build/igv_description -- -j12 -l12
[0.273s] Invoking command in '/home/raju/igv/build/igv_description': CMAKE_PREFIX_PATH=${CMAKE_PREFIX_PATH}:/home/raju/igv/install/igv:/home/raju/hs_ws/install/hs:/home/raju/igv_ws/install/igv:/opt/ros/jazzy DEBUGINFOD_URLS=https://debuginfod.ubuntu.com PS1=\[\e]0;\u@\h: \w\a\]${debian_chroot:+($debian_chroot)}\[\033[01;32m\]\u@\h\[\033[00m\]:\[\033[01;34m\]\w\[\033[00m\]\$ /usr/bin/cmake --install /home/raju/igv/build/igv_description
[0.279s] -- Install configuration: ""
[0.279s] -- Execute custom install script
[0.280s] -- Up-to-date symlink: /home/raju/igv/install/igv_description/share/igv_description/rviz/urdf.rviz
[0.280s] -- Up-to-date symlink: /home/raju/igv/install/igv_description/share/igv_description/urdf/igv.urdf.xacro
[0.280s] -- Up-to-date symlink: /home/raju/igv/install/igv_description/share/igv_description/urdf/materials.xacro
[0.280s] -- Up-to-date symlink: /home/raju/igv/install/igv_description/share/igv_description/urdf/plugins.xacro
[0.281s] -- Up-to-date symlink: /home/raju/igv/install/igv_description/share/igv_description/urdf/str.xacro
[0.281s] -- Up-to-date symlink: /home/raju/igv/install/igv_description/share/igv_description/launch/igv_d.launch.xml
[0.281s] -- Up-to-date symlink: /home/raju/igv/install/igv_description/share/igv_description/config/lifecycle.yaml
[0.281s] -- Up-to-date symlink: /home/raju/igv/install/igv_description/share/igv_description/config/nav2.yaml
[0.281s] -- Up-to-date symlink: /home/raju/igv/install/igv_description/share/igv_description/config/ros_gz_bridge.yaml
[0.281s] -- Up-to-date symlink: /home/raju/igv/install/igv_description/share/igv_description/config/slam.yaml
[0.281s] -- Up-to-date symlink: /home/raju/igv/install/igv_description/share/igv_description/config/twist_mux.yaml
[0.281s] -- Up-to-date symlink: /home/raju/igv/install/igv_description/share/igv_description/models/test_room/meshes/bank_world.stl
[0.281s] -- Up-to-date symlink: /home/raju/igv/install/igv_description/share/igv_description/models/test_room/meshes/empty_room.stl
[0.282s] -- Up-to-date symlink: /home/raju/igv/install/igv_description/share/igv_description/models/test_room/model.config
[0.282s] -- Up-to-date symlink: /home/raju/igv/install/igv_description/share/igv_description/models/test_room/model.sdf
[0.282s] -- Up-to-date symlink: /home/raju/igv/install/igv_description/share/igv_description/worlds/test_world.sdf
[0.282s] -- Up-to-date symlink: /home/raju/igv/install/igv_description/share/ament_index/resource_index/package_run_dependencies/igv_description
[0.282s] -- Up-to-date symlink: /home/raju/igv/install/igv_description/share/ament_index/resource_index/parent_prefix_path/igv_description
[0.282s] -- Up-to-date symlink: /home/raju/igv/install/igv_description/share/igv_description/environment/ament_prefix_path.sh
[0.282s] -- Up-to-date symlink: /home/raju/igv/install/igv_description/share/igv_description/environment/ament_prefix_path.dsv
[0.282s] -- Up-to-date symlink: /home/raju/igv/install/igv_description/share/igv_description/environment/path.sh
[0.282s] -- Up-to-date symlink: /home/raju/igv/install/igv_description/share/igv_description/environment/path.dsv
[0.283s] -- Up-to-date symlink: /home/raju/igv/install/igv_description/share/igv_description/local_setup.bash
[0.283s] -- Up-to-date symlink: /home/raju/igv/install/igv_description/share/igv_description/local_setup.sh
[0.283s] -- Up-to-date symlink: /home/raju/igv/install/igv_description/share/igv_description/local_setup.zsh
[0.283s] -- Up-to-date symlink: /home/raju/igv/install/igv_description/share/igv_description/local_setup.dsv
[0.283s] -- Symlinking: /home/raju/igv/install/igv_description/share/igv_description/package.dsv
[0.292s] -- Up-to-date symlink: /home/raju/igv/install/igv_description/share/ament_index/resource_index/packages/igv_description
[0.292s] -- Up-to-date symlink: /home/raju/igv/install/igv_description/share/igv_description/cmake/igv_descriptionConfig.cmake
[0.292s] -- Up-to-date symlink: /home/raju/igv/install/igv_description/share/igv_description/cmake/igv_descriptionConfig-version.cmake
[0.292s] -- Up-to-date symlink: /home/raju/igv/install/igv_description/share/igv_description/package.xml
[0.293s] Invoked command in '/home/raju/igv/build/igv_description' returned '0': CMAKE_PREFIX_PATH=${CMAKE_PREFIX_PATH}:/home/raju/igv/install/igv:/home/raju/hs_ws/install/hs:/home/raju/igv_ws/install/igv:/opt/ros/jazzy DEBUGINFOD_URLS=https://debuginfod.ubuntu.com PS1=\[\e]0;\u@\h: \w\a\]${debian_chroot:+($debian_chroot)}\[\033[01;32m\]\u@\h\[\033[00m\]:\[\033[01;34m\]\w\[\033[00m\]\$ /usr/bin/cmake --install /home/raju/igv/build/igv_description
