[0.022s] Invoking command in '/home/raju/igv/build/depthai_filters': CMAKE_PREFIX_PATH=/home/raju/igv/install/depthai_ros_msgs:/home/raju/igv/install/ydlidar_sdk:/home/raju/igv/install/ydlidar_ros2_driver:/home/raju/igv/install/igv_description:/home/raju/igv/install/igv_bringup:/home/raju/igv/install/depthai-ros:/home/raju/igv/install/depthai_ros_driver:/home/raju/igv/install/depthai_filters:/home/raju/igv/install/depthai_bridge:/home/raju/igv/install/depthai_descriptions:/home/raju/hs_ws/install/hs_test_:/home/raju/igv_ws/install/ydlidar_ros2_driver:/home/raju/igv_ws/install/igv_description:/home/raju/igv_ws/install/igv_bringup:/opt/ros/jazzy/opt/gz_math_vendor:/opt/ros/jazzy/opt/gz_utils_vendor:/opt/ros/jazzy/opt/gz_cmake_vendor:/home/raju/igv/install/igv:/home/raju/hs_ws/install/hs:/home/raju/igv_ws/install/igv:/opt/ros/jazzy DEBUGINFOD_URLS=https://debuginfod.ubuntu.com LD_LIBRARY_PATH=/home/raju/igv/install/depthai_ros_msgs/lib:/home/raju/igv/install/depthai_ros_driver/lib:/home/raju/igv/install/depthai_filters/lib:/home/raju/igv/install/depthai_bridge/lib:/opt/ros/jazzy/opt/rviz_ogre_vendor/lib:/opt/ros/jazzy/lib/x86_64-linux-gnu:/opt/ros/jazzy/opt/gz_math_vendor/lib:/opt/ros/jazzy/opt/gz_utils_vendor/lib:/opt/ros/jazzy/opt/gz_cmake_vendor/lib:/opt/ros/jazzy/lib PS1=\[\e]0;\u@\h: \w\a\]${debian_chroot:+($debian_chroot)}\[\033[01;32m\]\u@\h\[\033[00m\]:\[\033[01;34m\]\w\[\033[00m\]\$ PYTHONPATH=/home/raju/igv/install/depthai_ros_msgs/lib/python3.12/site-packages:/home/raju/igv/install/igv/lib/python3.12/site-packages:/home/raju/igv/install/depthai_ros_driver/lib/python3.12/site-packages:/home/raju/hs_ws/install/hs/lib/python3.12/site-packages:/home/raju/igv_ws/install/igv/lib/python3.12/site-packages:/opt/ros/jazzy/lib/python3.12/site-packages /usr/bin/cmake --build /home/raju/igv/build/depthai_filters -- -j12 -l12
[0.152s] [100%] Built target depthai_filters
[0.164s] Invoked command in '/home/raju/igv/build/depthai_filters' returned '0': CMAKE_PREFIX_PATH=/home/raju/igv/install/depthai_ros_msgs:/home/raju/igv/install/ydlidar_sdk:/home/raju/igv/install/ydlidar_ros2_driver:/home/raju/igv/install/igv_description:/home/raju/igv/install/igv_bringup:/home/raju/igv/install/depthai-ros:/home/raju/igv/install/depthai_ros_driver:/home/raju/igv/install/depthai_filters:/home/raju/igv/install/depthai_bridge:/home/raju/igv/install/depthai_descriptions:/home/raju/hs_ws/install/hs_test_:/home/raju/igv_ws/install/ydlidar_ros2_driver:/home/raju/igv_ws/install/igv_description:/home/raju/igv_ws/install/igv_bringup:/opt/ros/jazzy/opt/gz_math_vendor:/opt/ros/jazzy/opt/gz_utils_vendor:/opt/ros/jazzy/opt/gz_cmake_vendor:/home/raju/igv/install/igv:/home/raju/hs_ws/install/hs:/home/raju/igv_ws/install/igv:/opt/ros/jazzy DEBUGINFOD_URLS=https://debuginfod.ubuntu.com LD_LIBRARY_PATH=/home/raju/igv/install/depthai_ros_msgs/lib:/home/raju/igv/install/depthai_ros_driver/lib:/home/raju/igv/install/depthai_filters/lib:/home/raju/igv/install/depthai_bridge/lib:/opt/ros/jazzy/opt/rviz_ogre_vendor/lib:/opt/ros/jazzy/lib/x86_64-linux-gnu:/opt/ros/jazzy/opt/gz_math_vendor/lib:/opt/ros/jazzy/opt/gz_utils_vendor/lib:/opt/ros/jazzy/opt/gz_cmake_vendor/lib:/opt/ros/jazzy/lib PS1=\[\e]0;\u@\h: \w\a\]${debian_chroot:+($debian_chroot)}\[\033[01;32m\]\u@\h\[\033[00m\]:\[\033[01;34m\]\w\[\033[00m\]\$ PYTHONPATH=/home/raju/igv/install/depthai_ros_msgs/lib/python3.12/site-packages:/home/raju/igv/install/igv/lib/python3.12/site-packages:/home/raju/igv/install/depthai_ros_driver/lib/python3.12/site-packages:/home/raju/hs_ws/install/hs/lib/python3.12/site-packages:/home/raju/igv_ws/install/igv/lib/python3.12/site-packages:/opt/ros/jazzy/lib/python3.12/site-packages /usr/bin/cmake --build /home/raju/igv/build/depthai_filters -- -j12 -l12
[0.166s] Invoking command in '/home/raju/igv/build/depthai_filters': CMAKE_PREFIX_PATH=/home/raju/igv/install/depthai_ros_msgs:/home/raju/igv/install/ydlidar_sdk:/home/raju/igv/install/ydlidar_ros2_driver:/home/raju/igv/install/igv_description:/home/raju/igv/install/igv_bringup:/home/raju/igv/install/depthai-ros:/home/raju/igv/install/depthai_ros_driver:/home/raju/igv/install/depthai_filters:/home/raju/igv/install/depthai_bridge:/home/raju/igv/install/depthai_descriptions:/home/raju/hs_ws/install/hs_test_:/home/raju/igv_ws/install/ydlidar_ros2_driver:/home/raju/igv_ws/install/igv_description:/home/raju/igv_ws/install/igv_bringup:/opt/ros/jazzy/opt/gz_math_vendor:/opt/ros/jazzy/opt/gz_utils_vendor:/opt/ros/jazzy/opt/gz_cmake_vendor:/home/raju/igv/install/igv:/home/raju/hs_ws/install/hs:/home/raju/igv_ws/install/igv:/opt/ros/jazzy DEBUGINFOD_URLS=https://debuginfod.ubuntu.com LD_LIBRARY_PATH=/home/raju/igv/install/depthai_ros_msgs/lib:/home/raju/igv/install/depthai_ros_driver/lib:/home/raju/igv/install/depthai_filters/lib:/home/raju/igv/install/depthai_bridge/lib:/opt/ros/jazzy/opt/rviz_ogre_vendor/lib:/opt/ros/jazzy/lib/x86_64-linux-gnu:/opt/ros/jazzy/opt/gz_math_vendor/lib:/opt/ros/jazzy/opt/gz_utils_vendor/lib:/opt/ros/jazzy/opt/gz_cmake_vendor/lib:/opt/ros/jazzy/lib PS1=\[\e]0;\u@\h: \w\a\]${debian_chroot:+($debian_chroot)}\[\033[01;32m\]\u@\h\[\033[00m\]:\[\033[01;34m\]\w\[\033[00m\]\$ PYTHONPATH=/home/raju/igv/install/depthai_ros_msgs/lib/python3.12/site-packages:/home/raju/igv/install/igv/lib/python3.12/site-packages:/home/raju/igv/install/depthai_ros_driver/lib/python3.12/site-packages:/home/raju/hs_ws/install/hs/lib/python3.12/site-packages:/home/raju/igv_ws/install/igv/lib/python3.12/site-packages:/opt/ros/jazzy/lib/python3.12/site-packages /usr/bin/cmake --install /home/raju/igv/build/depthai_filters
[0.175s] -- Install configuration: ""
[0.175s] -- Up-to-date: /home/raju/igv/install/depthai_filters/share/depthai_filters/launch
[0.175s] -- Up-to-date: /home/raju/igv/install/depthai_filters/share/depthai_filters/launch/example_det2d_overlay.launch.py
[0.175s] -- Up-to-date: /home/raju/igv/install/depthai_filters/share/depthai_filters/launch/example_seg_overlay.launch.py
[0.175s] -- Up-to-date: /home/raju/igv/install/depthai_filters/share/depthai_filters/launch/det2d_usb_cam_overlay.launch.py
[0.176s] -- Up-to-date: /home/raju/igv/install/depthai_filters/share/depthai_filters/launch/thermal_temp.launch.py
[0.176s] -- Up-to-date: /home/raju/igv/install/depthai_filters/share/depthai_filters/launch/example_feature_3d.launch.py
[0.176s] -- Up-to-date: /home/raju/igv/install/depthai_filters/share/depthai_filters/launch/spatial_bb.launch.py
[0.176s] -- Up-to-date: /home/raju/igv/install/depthai_filters/share/depthai_filters/launch/example_wls_filter.launch.py
[0.176s] -- Up-to-date: /home/raju/igv/install/depthai_filters/share/depthai_filters/launch/example_feature_tracker.launch.py
[0.176s] -- Up-to-date: /home/raju/igv/install/depthai_filters/share/depthai_filters/config
[0.176s] -- Up-to-date: /home/raju/igv/install/depthai_filters/share/depthai_filters/config/wls.yaml
[0.176s] -- Up-to-date: /home/raju/igv/install/depthai_filters/share/depthai_filters/config/usb_cam_overlay.yaml
[0.176s] -- Up-to-date: /home/raju/igv/install/depthai_filters/share/depthai_filters/config/detection.yaml
[0.177s] -- Up-to-date: /home/raju/igv/install/depthai_filters/share/depthai_filters/config/spatial_bb.yaml
[0.177s] -- Up-to-date: /home/raju/igv/install/depthai_filters/share/depthai_filters/config/feature_tracker.yaml
[0.177s] -- Up-to-date: /home/raju/igv/install/depthai_filters/lib/libdepthai_filters.so
[0.177s] -- Up-to-date: /home/raju/igv/install/depthai_filters/include
[0.177s] -- Up-to-date: /home/raju/igv/install/depthai_filters/include/depthai_filters
[0.177s] -- Up-to-date: /home/raju/igv/install/depthai_filters/include/depthai_filters/thermal_temp.hpp
[0.177s] -- Up-to-date: /home/raju/igv/install/depthai_filters/include/depthai_filters/spatial_bb.hpp
[0.177s] -- Up-to-date: /home/raju/igv/install/depthai_filters/include/depthai_filters/wls_filter.hpp
[0.177s] -- Up-to-date: /home/raju/igv/install/depthai_filters/include/depthai_filters/features_3d.hpp
[0.177s] -- Up-to-date: /home/raju/igv/install/depthai_filters/include/depthai_filters/detection2d_overlay.hpp
[0.177s] -- Up-to-date: /home/raju/igv/install/depthai_filters/include/depthai_filters/utils.hpp
[0.178s] -- Up-to-date: /home/raju/igv/install/depthai_filters/include/depthai_filters/segmentation_overlay.hpp
[0.178s] -- Up-to-date: /home/raju/igv/install/depthai_filters/include/depthai_filters/feature_tracker_overlay.hpp
[0.178s] -- Up-to-date: /home/raju/igv/install/depthai_filters/share/ament_index/resource_index/package_run_dependencies/depthai_filters
[0.178s] -- Up-to-date: /home/raju/igv/install/depthai_filters/share/ament_index/resource_index/parent_prefix_path/depthai_filters
[0.178s] -- Up-to-date: /home/raju/igv/install/depthai_filters/share/depthai_filters/environment/ament_prefix_path.sh
[0.178s] -- Up-to-date: /home/raju/igv/install/depthai_filters/share/depthai_filters/environment/ament_prefix_path.dsv
[0.178s] -- Up-to-date: /home/raju/igv/install/depthai_filters/share/depthai_filters/environment/path.sh
[0.178s] -- Up-to-date: /home/raju/igv/install/depthai_filters/share/depthai_filters/environment/path.dsv
[0.178s] -- Up-to-date: /home/raju/igv/install/depthai_filters/share/depthai_filters/local_setup.bash
[0.178s] -- Up-to-date: /home/raju/igv/install/depthai_filters/share/depthai_filters/local_setup.sh
[0.178s] -- Up-to-date: /home/raju/igv/install/depthai_filters/share/depthai_filters/local_setup.zsh
[0.178s] -- Up-to-date: /home/raju/igv/install/depthai_filters/share/depthai_filters/local_setup.dsv
[0.179s] -- Installing: /home/raju/igv/install/depthai_filters/share/depthai_filters/package.dsv
[0.179s] -- Up-to-date: /home/raju/igv/install/depthai_filters/share/ament_index/resource_index/packages/depthai_filters
[0.179s] -- Up-to-date: /home/raju/igv/install/depthai_filters/share/ament_index/resource_index/rclcpp_components/depthai_filters
[0.179s] -- Up-to-date: /home/raju/igv/install/depthai_filters/share/depthai_filters/cmake/ament_cmake_export_include_directories-extras.cmake
[0.179s] -- Up-to-date: /home/raju/igv/install/depthai_filters/share/depthai_filters/cmake/depthai_filtersConfig.cmake
[0.179s] -- Up-to-date: /home/raju/igv/install/depthai_filters/share/depthai_filters/cmake/depthai_filtersConfig-version.cmake
[0.179s] -- Up-to-date: /home/raju/igv/install/depthai_filters/share/depthai_filters/package.xml
[0.180s] Invoked command in '/home/raju/igv/build/depthai_filters' returned '0': CMAKE_PREFIX_PATH=/home/raju/igv/install/depthai_ros_msgs:/home/raju/igv/install/ydlidar_sdk:/home/raju/igv/install/ydlidar_ros2_driver:/home/raju/igv/install/igv_description:/home/raju/igv/install/igv_bringup:/home/raju/igv/install/depthai-ros:/home/raju/igv/install/depthai_ros_driver:/home/raju/igv/install/depthai_filters:/home/raju/igv/install/depthai_bridge:/home/raju/igv/install/depthai_descriptions:/home/raju/hs_ws/install/hs_test_:/home/raju/igv_ws/install/ydlidar_ros2_driver:/home/raju/igv_ws/install/igv_description:/home/raju/igv_ws/install/igv_bringup:/opt/ros/jazzy/opt/gz_math_vendor:/opt/ros/jazzy/opt/gz_utils_vendor:/opt/ros/jazzy/opt/gz_cmake_vendor:/home/raju/igv/install/igv:/home/raju/hs_ws/install/hs:/home/raju/igv_ws/install/igv:/opt/ros/jazzy DEBUGINFOD_URLS=https://debuginfod.ubuntu.com LD_LIBRARY_PATH=/home/raju/igv/install/depthai_ros_msgs/lib:/home/raju/igv/install/depthai_ros_driver/lib:/home/raju/igv/install/depthai_filters/lib:/home/raju/igv/install/depthai_bridge/lib:/opt/ros/jazzy/opt/rviz_ogre_vendor/lib:/opt/ros/jazzy/lib/x86_64-linux-gnu:/opt/ros/jazzy/opt/gz_math_vendor/lib:/opt/ros/jazzy/opt/gz_utils_vendor/lib:/opt/ros/jazzy/opt/gz_cmake_vendor/lib:/opt/ros/jazzy/lib PS1=\[\e]0;\u@\h: \w\a\]${debian_chroot:+($debian_chroot)}\[\033[01;32m\]\u@\h\[\033[00m\]:\[\033[01;34m\]\w\[\033[00m\]\$ PYTHONPATH=/home/raju/igv/install/depthai_ros_msgs/lib/python3.12/site-packages:/home/raju/igv/install/igv/lib/python3.12/site-packages:/home/raju/igv/install/depthai_ros_driver/lib/python3.12/site-packages:/home/raju/hs_ws/install/hs/lib/python3.12/site-packages:/home/raju/igv_ws/install/igv/lib/python3.12/site-packages:/opt/ros/jazzy/lib/python3.12/site-packages /usr/bin/cmake --install /home/raju/igv/build/depthai_filters
