-- The C compiler identification is GNU 13.3.0
-- The CXX compiler identification is GNU 13.3.0
-- Detecting C compiler ABI info
-- Detecting C compiler ABI info - done
-- Check for working C compiler: /usr/bin/cc - skipped
-- Detecting C compile features
-- Detecting C compile features - done
-- Detecting CXX compiler ABI info
-- Detecting CXX compiler ABI info - done
-- Check for working CXX compiler: /usr/bin/c++ - skipped
-- Detecting CXX compile features
-- Detecting CXX compile features - done
-- Found ament_cmake: 2.5.5 (/opt/ros/jazzy/share/ament_cmake/cmake)
-- Found Python3: /usr/bin/python3 (found version "3.12.3") found components: Interpreter 
-- Configuring done (0.5s)
-- Generating done (0.0s)
-- Build files have been written to: /home/raju/igv/build/igv_description
-- Install configuration: ""
-- Installing: /home/raju/igv/install/igv_description/share/igv_description/rviz
-- Installing: /home/raju/igv/install/igv_description/share/igv_description/rviz/urdf.rviz
-- Installing: /home/raju/igv/install/igv_description/share/igv_description/urdf
-- Installing: /home/raju/igv/install/igv_description/share/igv_description/urdf/plugins.xacro
-- Installing: /home/raju/igv/install/igv_description/share/igv_description/urdf/str.xacro
-- Installing: /home/raju/igv/install/igv_description/share/igv_description/urdf/igv.urdf.xacro
-- Installing: /home/raju/igv/install/igv_description/share/igv_description/urdf/materials.xacro
-- Installing: /home/raju/igv/install/igv_description/share/igv_description/launch
-- Installing: /home/raju/igv/install/igv_description/share/igv_description/launch/igv_d.launch.xml
-- Installing: /home/raju/igv/install/igv_description/share/igv_description/config
-- Installing: /home/raju/igv/install/igv_description/share/igv_description/config/nav2.yaml
-- Installing: /home/raju/igv/install/igv_description/share/igv_description/config/slam.yaml
-- Installing: /home/raju/igv/install/igv_description/share/igv_description/config/lifecycle.yaml
-- Installing: /home/raju/igv/install/igv_description/share/igv_description/config/ros_gz_bridge.yaml
-- Installing: /home/raju/igv/install/igv_description/share/igv_description/config/twist_mux.yaml
-- Installing: /home/raju/igv/install/igv_description/share/igv_description/models
-- Installing: /home/raju/igv/install/igv_description/share/igv_description/models/test_room
-- Installing: /home/raju/igv/install/igv_description/share/igv_description/models/test_room/model.sdf
-- Installing: /home/raju/igv/install/igv_description/share/igv_description/models/test_room/meshes
-- Installing: /home/raju/igv/install/igv_description/share/igv_description/models/test_room/meshes/empty_room.stl
-- Installing: /home/raju/igv/install/igv_description/share/igv_description/models/test_room/meshes/bank_world.stl
-- Installing: /home/raju/igv/install/igv_description/share/igv_description/models/test_room/model.config
-- Installing: /home/raju/igv/install/igv_description/share/igv_description/worlds
-- Installing: /home/raju/igv/install/igv_description/share/igv_description/worlds/test_world.sdf
-- Installing: /home/raju/igv/install/igv_description/share/ament_index/resource_index/package_run_dependencies/igv_description
-- Installing: /home/raju/igv/install/igv_description/share/ament_index/resource_index/parent_prefix_path/igv_description
-- Installing: /home/raju/igv/install/igv_description/share/igv_description/environment/ament_prefix_path.sh
-- Installing: /home/raju/igv/install/igv_description/share/igv_description/environment/ament_prefix_path.dsv
-- Installing: /home/raju/igv/install/igv_description/share/igv_description/environment/path.sh
-- Installing: /home/raju/igv/install/igv_description/share/igv_description/environment/path.dsv
-- Installing: /home/raju/igv/install/igv_description/share/igv_description/local_setup.bash
-- Installing: /home/raju/igv/install/igv_description/share/igv_description/local_setup.sh
-- Installing: /home/raju/igv/install/igv_description/share/igv_description/local_setup.zsh
-- Installing: /home/raju/igv/install/igv_description/share/igv_description/local_setup.dsv
-- Installing: /home/raju/igv/install/igv_description/share/igv_description/package.dsv
-- Installing: /home/raju/igv/install/igv_description/share/ament_index/resource_index/packages/igv_description
-- Installing: /home/raju/igv/install/igv_description/share/igv_description/cmake/igv_descriptionConfig.cmake
-- Installing: /home/raju/igv/install/igv_description/share/igv_description/cmake/igv_descriptionConfig-version.cmake
-- Installing: /home/raju/igv/install/igv_description/share/igv_description/package.xml
