[0.005s] Invoking command in '/home/raju/igv/build/igv_description': CMAKE_PREFIX_PATH=${CMAKE_PREFIX_PATH}:/home/raju/hs_ws/install/hs:/home/raju/igv_ws/install/igv:/opt/ros/jazzy DEBUGINFOD_URLS=https://debuginfod.ubuntu.com PS1=\[\e]0;\u@\h: \w\a\]${debian_chroot:+($debian_chroot)}\[\033[01;32m\]\u@\h\[\033[00m\]:\[\033[01;34m\]\w\[\033[00m\]\$ /usr/bin/cmake /home/raju/igv/src/igv_description -DCMAKE_INSTALL_PREFIX=/home/raju/igv/install/igv_description
[0.046s] -- The C compiler identification is GNU 13.3.0
[0.084s] -- The CXX compiler identification is GNU 13.3.0
[0.097s] -- Detecting C compiler ABI info
[0.171s] -- Detecting C compiler ABI info - done
[0.178s] -- Check for working C compiler: /usr/bin/cc - skipped
[0.178s] -- Detecting C compile features
[0.178s] -- Detecting C compile features - done
[0.188s] -- Detecting CXX compiler ABI info
[0.259s] -- Detecting CXX compiler ABI info - done
[0.265s] -- Check for working CXX compiler: /usr/bin/c++ - skipped
[0.265s] -- Detecting CXX compile features
[0.265s] -- Detecting CXX compile features - done
[0.267s] -- Found ament_cmake: 2.5.5 (/opt/ros/jazzy/share/ament_cmake/cmake)
[0.371s] -- Found Python3: /usr/bin/python3 (found version "3.12.3") found components: Interpreter 
[0.497s] -- Configuring done (0.5s)
[0.498s] -- Generating done (0.0s)
[0.499s] -- Build files have been written to: /home/raju/igv/build/igv_description
[0.502s] Invoked command in '/home/raju/igv/build/igv_description' returned '0': CMAKE_PREFIX_PATH=${CMAKE_PREFIX_PATH}:/home/raju/hs_ws/install/hs:/home/raju/igv_ws/install/igv:/opt/ros/jazzy DEBUGINFOD_URLS=https://debuginfod.ubuntu.com PS1=\[\e]0;\u@\h: \w\a\]${debian_chroot:+($debian_chroot)}\[\033[01;32m\]\u@\h\[\033[00m\]:\[\033[01;34m\]\w\[\033[00m\]\$ /usr/bin/cmake /home/raju/igv/src/igv_description -DCMAKE_INSTALL_PREFIX=/home/raju/igv/install/igv_description
[0.503s] Invoking command in '/home/raju/igv/build/igv_description': CMAKE_PREFIX_PATH=${CMAKE_PREFIX_PATH}:/home/raju/hs_ws/install/hs:/home/raju/igv_ws/install/igv:/opt/ros/jazzy DEBUGINFOD_URLS=https://debuginfod.ubuntu.com PS1=\[\e]0;\u@\h: \w\a\]${debian_chroot:+($debian_chroot)}\[\033[01;32m\]\u@\h\[\033[00m\]:\[\033[01;34m\]\w\[\033[00m\]\$ /usr/bin/cmake --build /home/raju/igv/build/igv_description -- -j12 -l12
[0.531s] Invoked command in '/home/raju/igv/build/igv_description' returned '0': CMAKE_PREFIX_PATH=${CMAKE_PREFIX_PATH}:/home/raju/hs_ws/install/hs:/home/raju/igv_ws/install/igv:/opt/ros/jazzy DEBUGINFOD_URLS=https://debuginfod.ubuntu.com PS1=\[\e]0;\u@\h: \w\a\]${debian_chroot:+($debian_chroot)}\[\033[01;32m\]\u@\h\[\033[00m\]:\[\033[01;34m\]\w\[\033[00m\]\$ /usr/bin/cmake --build /home/raju/igv/build/igv_description -- -j12 -l12
[0.532s] Invoking command in '/home/raju/igv/build/igv_description': CMAKE_PREFIX_PATH=${CMAKE_PREFIX_PATH}:/home/raju/hs_ws/install/hs:/home/raju/igv_ws/install/igv:/opt/ros/jazzy DEBUGINFOD_URLS=https://debuginfod.ubuntu.com PS1=\[\e]0;\u@\h: \w\a\]${debian_chroot:+($debian_chroot)}\[\033[01;32m\]\u@\h\[\033[00m\]:\[\033[01;34m\]\w\[\033[00m\]\$ /usr/bin/cmake --install /home/raju/igv/build/igv_description
[0.538s] -- Install configuration: ""
[0.538s] -- Installing: /home/raju/igv/install/igv_description/share/igv_description/rviz
[0.538s] -- Installing: /home/raju/igv/install/igv_description/share/igv_description/rviz/urdf.rviz
[0.538s] -- Installing: /home/raju/igv/install/igv_description/share/igv_description/urdf
[0.538s] -- Installing: /home/raju/igv/install/igv_description/share/igv_description/urdf/plugins.xacro
[0.538s] -- Installing: /home/raju/igv/install/igv_description/share/igv_description/urdf/str.xacro
[0.538s] -- Installing: /home/raju/igv/install/igv_description/share/igv_description/urdf/igv.urdf.xacro
[0.538s] -- Installing: /home/raju/igv/install/igv_description/share/igv_description/urdf/materials.xacro
[0.538s] -- Installing: /home/raju/igv/install/igv_description/share/igv_description/launch
[0.538s] -- Installing: /home/raju/igv/install/igv_description/share/igv_description/launch/igv_d.launch.xml
[0.538s] -- Installing: /home/raju/igv/install/igv_description/share/igv_description/config
[0.538s] -- Installing: /home/raju/igv/install/igv_description/share/igv_description/config/nav2.yaml
[0.538s] -- Installing: /home/raju/igv/install/igv_description/share/igv_description/config/slam.yaml
[0.538s] -- Installing: /home/raju/igv/install/igv_description/share/igv_description/config/lifecycle.yaml
[0.539s] -- Installing: /home/raju/igv/install/igv_description/share/igv_description/config/ros_gz_bridge.yaml
[0.539s] -- Installing: /home/raju/igv/install/igv_description/share/igv_description/config/twist_mux.yaml
[0.539s] -- Installing: /home/raju/igv/install/igv_description/share/igv_description/models
[0.539s] -- Installing: /home/raju/igv/install/igv_description/share/igv_description/models/test_room
[0.539s] -- Installing: /home/raju/igv/install/igv_description/share/igv_description/models/test_room/model.sdf
[0.539s] -- Installing: /home/raju/igv/install/igv_description/share/igv_description/models/test_room/meshes
[0.539s] -- Installing: /home/raju/igv/install/igv_description/share/igv_description/models/test_room/meshes/empty_room.stl
[0.539s] -- Installing: /home/raju/igv/install/igv_description/share/igv_description/models/test_room/meshes/bank_world.stl
[0.539s] -- Installing: /home/raju/igv/install/igv_description/share/igv_description/models/test_room/model.config
[0.539s] -- Installing: /home/raju/igv/install/igv_description/share/igv_description/worlds
[0.539s] -- Installing: /home/raju/igv/install/igv_description/share/igv_description/worlds/test_world.sdf
[0.539s] -- Installing: /home/raju/igv/install/igv_description/share/ament_index/resource_index/package_run_dependencies/igv_description
[0.539s] -- Installing: /home/raju/igv/install/igv_description/share/ament_index/resource_index/parent_prefix_path/igv_description
[0.539s] -- Installing: /home/raju/igv/install/igv_description/share/igv_description/environment/ament_prefix_path.sh
[0.539s] -- Installing: /home/raju/igv/install/igv_description/share/igv_description/environment/ament_prefix_path.dsv
[0.539s] -- Installing: /home/raju/igv/install/igv_description/share/igv_description/environment/path.sh
[0.539s] -- Installing: /home/raju/igv/install/igv_description/share/igv_description/environment/path.dsv
[0.539s] -- Installing: /home/raju/igv/install/igv_description/share/igv_description/local_setup.bash
[0.539s] -- Installing: /home/raju/igv/install/igv_description/share/igv_description/local_setup.sh
[0.539s] -- Installing: /home/raju/igv/install/igv_description/share/igv_description/local_setup.zsh
[0.539s] -- Installing: /home/raju/igv/install/igv_description/share/igv_description/local_setup.dsv
[0.540s] -- Installing: /home/raju/igv/install/igv_description/share/igv_description/package.dsv
[0.540s] -- Installing: /home/raju/igv/install/igv_description/share/ament_index/resource_index/packages/igv_description
[0.540s] -- Installing: /home/raju/igv/install/igv_description/share/igv_description/cmake/igv_descriptionConfig.cmake
[0.540s] -- Installing: /home/raju/igv/install/igv_description/share/igv_description/cmake/igv_descriptionConfig-version.cmake
[0.540s] -- Installing: /home/raju/igv/install/igv_description/share/igv_description/package.xml
[0.541s] Invoked command in '/home/raju/igv/build/igv_description' returned '0': CMAKE_PREFIX_PATH=${CMAKE_PREFIX_PATH}:/home/raju/hs_ws/install/hs:/home/raju/igv_ws/install/igv:/opt/ros/jazzy DEBUGINFOD_URLS=https://debuginfod.ubuntu.com PS1=\[\e]0;\u@\h: \w\a\]${debian_chroot:+($debian_chroot)}\[\033[01;32m\]\u@\h\[\033[00m\]:\[\033[01;34m\]\w\[\033[00m\]\$ /usr/bin/cmake --install /home/raju/igv/build/igv_description
