[0.004s] Invoking command in '/home/raju/igv/build/igv_bringup': CMAKE_PREFIX_PATH=${CMAKE_PREFIX_PATH}:/home/raju/hs_ws/install/hs:/home/raju/igv_ws/install/igv:/opt/ros/jazzy DEBUGINFOD_URLS=https://debuginfod.ubuntu.com PS1=\[\e]0;\u@\h: \w\a\]${debian_chroot:+($debian_chroot)}\[\033[01;32m\]\u@\h\[\033[00m\]:\[\033[01;34m\]\w\[\033[00m\]\$ /usr/bin/cmake /home/raju/igv/src/igv_bringup -DCMAKE_INSTALL_PREFIX=/home/raju/igv/install/igv_bringup
[0.047s] -- The C compiler identification is GNU 13.3.0
[0.088s] -- The CXX compiler identification is GNU 13.3.0
[0.101s] -- Detecting C compiler ABI info
[0.188s] -- Detecting C compiler ABI info - done
[0.195s] -- Check for working C compiler: /usr/bin/cc - skipped
[0.196s] -- Detecting C compile features
[0.196s] -- Detecting C compile features - done
[0.204s] -- Detecting CXX compiler ABI info
[0.295s] -- Detecting CXX compiler ABI info - done
[0.301s] -- Check for working CXX compiler: /usr/bin/c++ - skipped
[0.301s] -- Detecting CXX compile features
[0.301s] -- Detecting CXX compile features - done
[0.303s] -- Found ament_cmake: 2.5.5 (/opt/ros/jazzy/share/ament_cmake/cmake)
[0.396s] -- Found Python3: /usr/bin/python3 (found version "3.12.3") found components: Interpreter 
[0.524s] -- Configuring done (0.5s)
[0.525s] -- Generating done (0.0s)
[0.526s] -- Build files have been written to: /home/raju/igv/build/igv_bringup
[0.530s] Invoked command in '/home/raju/igv/build/igv_bringup' returned '0': CMAKE_PREFIX_PATH=${CMAKE_PREFIX_PATH}:/home/raju/hs_ws/install/hs:/home/raju/igv_ws/install/igv:/opt/ros/jazzy DEBUGINFOD_URLS=https://debuginfod.ubuntu.com PS1=\[\e]0;\u@\h: \w\a\]${debian_chroot:+($debian_chroot)}\[\033[01;32m\]\u@\h\[\033[00m\]:\[\033[01;34m\]\w\[\033[00m\]\$ /usr/bin/cmake /home/raju/igv/src/igv_bringup -DCMAKE_INSTALL_PREFIX=/home/raju/igv/install/igv_bringup
[0.531s] Invoking command in '/home/raju/igv/build/igv_bringup': CMAKE_PREFIX_PATH=${CMAKE_PREFIX_PATH}:/home/raju/hs_ws/install/hs:/home/raju/igv_ws/install/igv:/opt/ros/jazzy DEBUGINFOD_URLS=https://debuginfod.ubuntu.com PS1=\[\e]0;\u@\h: \w\a\]${debian_chroot:+($debian_chroot)}\[\033[01;32m\]\u@\h\[\033[00m\]:\[\033[01;34m\]\w\[\033[00m\]\$ /usr/bin/cmake --build /home/raju/igv/build/igv_bringup -- -j12 -l12
[0.559s] Invoked command in '/home/raju/igv/build/igv_bringup' returned '0': CMAKE_PREFIX_PATH=${CMAKE_PREFIX_PATH}:/home/raju/hs_ws/install/hs:/home/raju/igv_ws/install/igv:/opt/ros/jazzy DEBUGINFOD_URLS=https://debuginfod.ubuntu.com PS1=\[\e]0;\u@\h: \w\a\]${debian_chroot:+($debian_chroot)}\[\033[01;32m\]\u@\h\[\033[00m\]:\[\033[01;34m\]\w\[\033[00m\]\$ /usr/bin/cmake --build /home/raju/igv/build/igv_bringup -- -j12 -l12
[0.560s] Invoking command in '/home/raju/igv/build/igv_bringup': CMAKE_PREFIX_PATH=${CMAKE_PREFIX_PATH}:/home/raju/hs_ws/install/hs:/home/raju/igv_ws/install/igv:/opt/ros/jazzy DEBUGINFOD_URLS=https://debuginfod.ubuntu.com PS1=\[\e]0;\u@\h: \w\a\]${debian_chroot:+($debian_chroot)}\[\033[01;32m\]\u@\h\[\033[00m\]:\[\033[01;34m\]\w\[\033[00m\]\$ /usr/bin/cmake --install /home/raju/igv/build/igv_bringup
[0.568s] -- Install configuration: ""
[0.568s] -- Installing: /home/raju/igv/install/igv_bringup/share/igv_bringup/launch
[0.568s] -- Installing: /home/raju/igv/install/igv_bringup/share/igv_bringup/launch/igv_pf.launch.xml
[0.569s] -- Installing: /home/raju/igv/install/igv_bringup/share/igv_bringup/launch/igv_f.launch.xml
[0.569s] -- Installing: /home/raju/igv/install/igv_bringup/share/ament_index/resource_index/package_run_dependencies/igv_bringup
[0.569s] -- Installing: /home/raju/igv/install/igv_bringup/share/ament_index/resource_index/parent_prefix_path/igv_bringup
[0.569s] -- Installing: /home/raju/igv/install/igv_bringup/share/igv_bringup/environment/ament_prefix_path.sh
[0.569s] -- Installing: /home/raju/igv/install/igv_bringup/share/igv_bringup/environment/ament_prefix_path.dsv
[0.569s] -- Installing: /home/raju/igv/install/igv_bringup/share/igv_bringup/environment/path.sh
[0.569s] -- Installing: /home/raju/igv/install/igv_bringup/share/igv_bringup/environment/path.dsv
[0.569s] -- Installing: /home/raju/igv/install/igv_bringup/share/igv_bringup/local_setup.bash
[0.569s] -- Installing: /home/raju/igv/install/igv_bringup/share/igv_bringup/local_setup.sh
[0.569s] -- Installing: /home/raju/igv/install/igv_bringup/share/igv_bringup/local_setup.zsh
[0.569s] -- Installing: /home/raju/igv/install/igv_bringup/share/igv_bringup/local_setup.dsv
[0.569s] -- Installing: /home/raju/igv/install/igv_bringup/share/igv_bringup/package.dsv
[0.569s] -- Installing: /home/raju/igv/install/igv_bringup/share/ament_index/resource_index/packages/igv_bringup
[0.569s] -- Installing: /home/raju/igv/install/igv_bringup/share/igv_bringup/cmake/igv_bringupConfig.cmake
[0.569s] -- Installing: /home/raju/igv/install/igv_bringup/share/igv_bringup/cmake/igv_bringupConfig-version.cmake
[0.569s] -- Installing: /home/raju/igv/install/igv_bringup/share/igv_bringup/package.xml
[0.570s] Invoked command in '/home/raju/igv/build/igv_bringup' returned '0': CMAKE_PREFIX_PATH=${CMAKE_PREFIX_PATH}:/home/raju/hs_ws/install/hs:/home/raju/igv_ws/install/igv:/opt/ros/jazzy DEBUGINFOD_URLS=https://debuginfod.ubuntu.com PS1=\[\e]0;\u@\h: \w\a\]${debian_chroot:+($debian_chroot)}\[\033[01;32m\]\u@\h\[\033[00m\]:\[\033[01;34m\]\w\[\033[00m\]\$ /usr/bin/cmake --install /home/raju/igv/build/igv_bringup
