-- Install configuration: ""
-- Execute custom install script
-- Up-to-date symlink: /home/raju/igv/install/igv_description/share/igv_description/rviz/urdf.rviz
-- Up-to-date symlink: /home/raju/igv/install/igv_description/share/igv_description/urdf/igv.urdf.xacro
-- Up-to-date symlink: /home/raju/igv/install/igv_description/share/igv_description/urdf/materials.xacro
-- Up-to-date symlink: /home/raju/igv/install/igv_description/share/igv_description/urdf/plugins.xacro
-- Up-to-date symlink: /home/raju/igv/install/igv_description/share/igv_description/urdf/str.xacro
-- Up-to-date symlink: /home/raju/igv/install/igv_description/share/igv_description/launch/igv.launch.py
-- Up-to-date symlink: /home/raju/igv/install/igv_description/share/igv_description/launch/igv_d.launch.xml
-- Up-to-date symlink: /home/raju/igv/install/igv_description/share/igv_description/config/lifecycle.yaml
-- Up-to-date symlink: /home/raju/igv/install/igv_description/share/igv_description/config/nav2.yaml
-- Up-to-date symlink: /home/raju/igv/install/igv_description/share/igv_description/config/nav2_h.yaml
-- Up-to-date symlink: /home/raju/igv/install/igv_description/share/igv_description/config/ros_gz_bridge.yaml
-- Up-to-date symlink: /home/raju/igv/install/igv_description/share/igv_description/config/slam.yaml
-- Up-to-date symlink: /home/raju/igv/install/igv_description/share/igv_description/config/twist_mux.yaml
-- Up-to-date symlink: /home/raju/igv/install/igv_description/share/igv_description/models/test_room/meshes/bank_world.stl
-- Up-to-date symlink: /home/raju/igv/install/igv_description/share/igv_description/models/test_room/meshes/empty_room.stl
-- Up-to-date symlink: /home/raju/igv/install/igv_description/share/igv_description/models/test_room/model.config
-- Up-to-date symlink: /home/raju/igv/install/igv_description/share/igv_description/models/test_room/model.sdf
-- Up-to-date symlink: /home/raju/igv/install/igv_description/share/igv_description/worlds/test_world.sdf
-- Up-to-date symlink: /home/raju/igv/install/igv_description/share/ament_index/resource_index/package_run_dependencies/igv_description
-- Up-to-date symlink: /home/raju/igv/install/igv_description/share/ament_index/resource_index/parent_prefix_path/igv_description
-- Up-to-date symlink: /home/raju/igv/install/igv_description/share/igv_description/environment/ament_prefix_path.sh
-- Up-to-date symlink: /home/raju/igv/install/igv_description/share/igv_description/environment/ament_prefix_path.dsv
-- Up-to-date symlink: /home/raju/igv/install/igv_description/share/igv_description/environment/path.sh
-- Up-to-date symlink: /home/raju/igv/install/igv_description/share/igv_description/environment/path.dsv
-- Up-to-date symlink: /home/raju/igv/install/igv_description/share/igv_description/local_setup.bash
-- Up-to-date symlink: /home/raju/igv/install/igv_description/share/igv_description/local_setup.sh
-- Up-to-date symlink: /home/raju/igv/install/igv_description/share/igv_description/local_setup.zsh
-- Up-to-date symlink: /home/raju/igv/install/igv_description/share/igv_description/local_setup.dsv
-- Symlinking: /home/raju/igv/install/igv_description/share/igv_description/package.dsv
-- Up-to-date symlink: /home/raju/igv/install/igv_description/share/ament_index/resource_index/packages/igv_description
-- Up-to-date symlink: /home/raju/igv/install/igv_description/share/igv_description/cmake/igv_descriptionConfig.cmake
-- Up-to-date symlink: /home/raju/igv/install/igv_description/share/igv_description/cmake/igv_descriptionConfig-version.cmake
-- Up-to-date symlink: /home/raju/igv/install/igv_description/share/igv_description/package.xml
