[0.001s] Invoking command in '/home/raju/igv/build/depthai_bridge': AMENT_PREFIX_PATH=/home/raju/igv/install/depthai_ros_msgs:${AMENT_PREFIX_PATH} CMAKE_PREFIX_PATH=/home/raju/igv/install/depthai_ros_msgs:/usr/local:/home/raju/hs_ws/install/hs_test_:/home/raju/igv_ws/install/ydlidar_ros2_driver:/home/raju/igv_ws/install/igv_description:/home/raju/igv_ws/install/igv_bringup:/opt/ros/jazzy/opt/gz_math_vendor:/opt/ros/jazzy/opt/gz_utils_vendor:/opt/ros/jazzy/opt/gz_cmake_vendor:/home/raju/hs_ws/install/hs:/home/raju/igv_ws/install/igv:/opt/ros/jazzy DEBUGINFOD_URLS=https://debuginfod.ubuntu.com LD_LIBRARY_PATH=/home/raju/igv/install/depthai_ros_msgs/lib:${LD_LIBRARY_PATH} PS1=\[\e]0;\u@\h: \w\a\]${debian_chroot:+($debian_chroot)}\[\033[01;32m\]\u@\h\[\033[00m\]:\[\033[01;34m\]\w\[\033[00m\]\$ PYTHONPATH=/home/raju/igv/install/depthai_ros_msgs/lib/python3.12/site-packages:${PYTHONPATH} /usr/bin/cmake /home/raju/igv/src/depthai-ros/depthai_bridge -DCMAKE_INSTALL_PREFIX=/home/raju/igv/install/depthai_bridge
[0.045s] -- The CXX compiler identification is GNU 13.3.0
[0.076s] -- The C compiler identification is GNU 13.3.0
[0.091s] -- Detecting CXX compiler ABI info
[0.176s] -- Detecting CXX compiler ABI info - done
[0.181s] -- Check for working CXX compiler: /usr/bin/c++ - skipped
[0.181s] -- Detecting CXX compile features
[0.181s] -- Detecting CXX compile features - done
[0.189s] -- Detecting C compiler ABI info
[0.265s] -- Detecting C compiler ABI info - done
[0.271s] -- Check for working C compiler: /usr/bin/cc - skipped
[0.271s] -- Detecting C compile features
[0.271s] -- Detecting C compile features - done
[0.276s] -- ------------------------------------------
[0.276s] -- Depthai Bridge is being built using AMENT.
[0.276s] -- ------------------------------------------
[0.277s] -- Found ament_index_cpp: 1.8.2 (/opt/ros/jazzy/share/ament_index_cpp/cmake)
[0.278s] -- Found camera_info_manager: 5.1.7 (/opt/ros/jazzy/share/camera_info_manager/cmake)
[0.382s] -- Found Python3: /usr/bin/python3 (found version "3.12.3") found components: Interpreter 
[0.478s] -- Found rosidl_generator_c: 4.6.7 (/opt/ros/jazzy/share/rosidl_generator_c/cmake)
[0.487s] -- Found rosidl_generator_cpp: 4.6.7 (/opt/ros/jazzy/share/rosidl_generator_cpp/cmake)
[0.497s] -- Using all available rosidl_typesupport_c: rosidl_typesupport_fastrtps_c;rosidl_typesupport_introspection_c
[0.508s] -- Using all available rosidl_typesupport_cpp: rosidl_typesupport_fastrtps_cpp;rosidl_typesupport_introspection_cpp
[0.556s] -- Found rmw_implementation_cmake: 7.3.3 (/opt/ros/jazzy/share/rmw_implementation_cmake/cmake)
[0.558s] -- Found rmw_fastrtps_cpp: 8.4.3 (/opt/ros/jazzy/share/rmw_fastrtps_cpp/cmake)
[0.623s] -- Found OpenSSL: /usr/lib/x86_64-linux-gnu/libcrypto.so (found version "3.0.13")  
[0.642s] -- Found FastRTPS: /opt/ros/jazzy/include (Required is at least version "2.13") 
[0.663s] -- Using RMW implementation 'rmw_fastrtps_cpp' as default
[0.749s] -- Setting yaml-cpp_DIR to: '/opt/ros/jazzy/share/yaml_cpp_vendor/cmake/../../../opt/yaml_cpp_vendor/share/cmake/yaml-cpp'
[0.774s] -- Found cv_bridge: 4.1.0 (/opt/ros/jazzy/share/cv_bridge/cmake)
[0.776s] -- Found depthai_ros_msgs: 2.12.2 (/home/raju/igv/install/depthai_ros_msgs/share/depthai_ros_msgs/cmake)
[0.893s] -- Found image_transport: 5.1.7 (/opt/ros/jazzy/share/image_transport/cmake)
[0.912s] -- Found stereo_msgs: 5.3.6 (/opt/ros/jazzy/share/stereo_msgs/cmake)
[0.928s] -- Found tf2_ros: 0.36.19 (/opt/ros/jazzy/share/tf2_ros/cmake)
[1.013s] -- Found tf2_geometry_msgs: 0.36.19 (/opt/ros/jazzy/share/tf2_geometry_msgs/cmake)
[1.024s] -- Found eigen3_cmake_module: 0.3.0 (/opt/ros/jazzy/share/eigen3_cmake_module/cmake)
[1.025s] -- Found Eigen3: TRUE (found version "3.4.0") 
[1.025s] -- Ensuring Eigen3 include directory is part of orocos-kdl CMake target
[1.028s] -- Found ffmpeg_image_transport_msgs: 1.0.2 (/opt/ros/jazzy/share/ffmpeg_image_transport_msgs/cmake)
[1.042s] -- --------------------------jazzy ---
[1.043s] -- jazzy
[1.106s] -- Configuring done (1.1s)
[1.119s] -- Generating done (0.0s)
[1.122s] -- Build files have been written to: /home/raju/igv/build/depthai_bridge
[1.131s] Invoked command in '/home/raju/igv/build/depthai_bridge' returned '0': AMENT_PREFIX_PATH=/home/raju/igv/install/depthai_ros_msgs:${AMENT_PREFIX_PATH} CMAKE_PREFIX_PATH=/home/raju/igv/install/depthai_ros_msgs:/usr/local:/home/raju/hs_ws/install/hs_test_:/home/raju/igv_ws/install/ydlidar_ros2_driver:/home/raju/igv_ws/install/igv_description:/home/raju/igv_ws/install/igv_bringup:/opt/ros/jazzy/opt/gz_math_vendor:/opt/ros/jazzy/opt/gz_utils_vendor:/opt/ros/jazzy/opt/gz_cmake_vendor:/home/raju/hs_ws/install/hs:/home/raju/igv_ws/install/igv:/opt/ros/jazzy DEBUGINFOD_URLS=https://debuginfod.ubuntu.com LD_LIBRARY_PATH=/home/raju/igv/install/depthai_ros_msgs/lib:${LD_LIBRARY_PATH} PS1=\[\e]0;\u@\h: \w\a\]${debian_chroot:+($debian_chroot)}\[\033[01;32m\]\u@\h\[\033[00m\]:\[\033[01;34m\]\w\[\033[00m\]\$ PYTHONPATH=/home/raju/igv/install/depthai_ros_msgs/lib/python3.12/site-packages:${PYTHONPATH} /usr/bin/cmake /home/raju/igv/src/depthai-ros/depthai_bridge -DCMAKE_INSTALL_PREFIX=/home/raju/igv/install/depthai_bridge
[1.131s] Invoking command in '/home/raju/igv/build/depthai_bridge': AMENT_PREFIX_PATH=/home/raju/igv/install/depthai_ros_msgs:${AMENT_PREFIX_PATH} CMAKE_PREFIX_PATH=/home/raju/igv/install/depthai_ros_msgs:/usr/local:/home/raju/hs_ws/install/hs_test_:/home/raju/igv_ws/install/ydlidar_ros2_driver:/home/raju/igv_ws/install/igv_description:/home/raju/igv_ws/install/igv_bringup:/opt/ros/jazzy/opt/gz_math_vendor:/opt/ros/jazzy/opt/gz_utils_vendor:/opt/ros/jazzy/opt/gz_cmake_vendor:/home/raju/hs_ws/install/hs:/home/raju/igv_ws/install/igv:/opt/ros/jazzy DEBUGINFOD_URLS=https://debuginfod.ubuntu.com LD_LIBRARY_PATH=/home/raju/igv/install/depthai_ros_msgs/lib:${LD_LIBRARY_PATH} PS1=\[\e]0;\u@\h: \w\a\]${debian_chroot:+($debian_chroot)}\[\033[01;32m\]\u@\h\[\033[00m\]:\[\033[01;34m\]\w\[\033[00m\]\$ PYTHONPATH=/home/raju/igv/install/depthai_ros_msgs/lib/python3.12/site-packages:${PYTHONPATH} /usr/bin/cmake --build /home/raju/igv/build/depthai_bridge -- -j12 -l12
[1.174s] [ 10%] [32mBuilding CXX object CMakeFiles/depthai_bridge.dir/src/ImgDetectionConverter.cpp.o[0m
[1.175s] [ 30%] [32mBuilding CXX object CMakeFiles/depthai_bridge.dir/src/TrackDetectionConverter.cpp.o[0m
[1.175s] [ 30%] [32mBuilding CXX object CMakeFiles/depthai_bridge.dir/src/TFPublisher.cpp.o[0m
[1.176s] [ 70%] [32mBuilding CXX object CMakeFiles/depthai_bridge.dir/src/SpatialDetectionConverter.cpp.o[0m
[1.176s] [ 70%] [32mBuilding CXX object CMakeFiles/depthai_bridge.dir/src/DisparityConverter.cpp.o[0m
[1.176s] [ 70%] [32mBuilding CXX object CMakeFiles/depthai_bridge.dir/src/ImageConverter.cpp.o[0m
[1.176s] [ 70%] [32mBuilding CXX object CMakeFiles/depthai_bridge.dir/src/ImuConverter.cpp.o[0m
[1.177s] [ 80%] [32mBuilding CXX object CMakeFiles/depthai_bridge.dir/src/TrackSpatialDetectionConverter.cpp.o[0m
[1.178s] [ 90%] [32mBuilding CXX object CMakeFiles/depthai_bridge.dir/src/TrackedFeaturesConverter.cpp.o[0m
[10.091s] [100%] [32m[1mLinking CXX shared library libdepthai_bridge.so[0m
[10.451s] [100%] Built target depthai_bridge
[10.460s] Invoked command in '/home/raju/igv/build/depthai_bridge' returned '0': AMENT_PREFIX_PATH=/home/raju/igv/install/depthai_ros_msgs:${AMENT_PREFIX_PATH} CMAKE_PREFIX_PATH=/home/raju/igv/install/depthai_ros_msgs:/usr/local:/home/raju/hs_ws/install/hs_test_:/home/raju/igv_ws/install/ydlidar_ros2_driver:/home/raju/igv_ws/install/igv_description:/home/raju/igv_ws/install/igv_bringup:/opt/ros/jazzy/opt/gz_math_vendor:/opt/ros/jazzy/opt/gz_utils_vendor:/opt/ros/jazzy/opt/gz_cmake_vendor:/home/raju/hs_ws/install/hs:/home/raju/igv_ws/install/igv:/opt/ros/jazzy DEBUGINFOD_URLS=https://debuginfod.ubuntu.com LD_LIBRARY_PATH=/home/raju/igv/install/depthai_ros_msgs/lib:${LD_LIBRARY_PATH} PS1=\[\e]0;\u@\h: \w\a\]${debian_chroot:+($debian_chroot)}\[\033[01;32m\]\u@\h\[\033[00m\]:\[\033[01;34m\]\w\[\033[00m\]\$ PYTHONPATH=/home/raju/igv/install/depthai_ros_msgs/lib/python3.12/site-packages:${PYTHONPATH} /usr/bin/cmake --build /home/raju/igv/build/depthai_bridge -- -j12 -l12
[10.460s] Invoking command in '/home/raju/igv/build/depthai_bridge': AMENT_PREFIX_PATH=/home/raju/igv/install/depthai_ros_msgs:${AMENT_PREFIX_PATH} CMAKE_PREFIX_PATH=/home/raju/igv/install/depthai_ros_msgs:/usr/local:/home/raju/hs_ws/install/hs_test_:/home/raju/igv_ws/install/ydlidar_ros2_driver:/home/raju/igv_ws/install/igv_description:/home/raju/igv_ws/install/igv_bringup:/opt/ros/jazzy/opt/gz_math_vendor:/opt/ros/jazzy/opt/gz_utils_vendor:/opt/ros/jazzy/opt/gz_cmake_vendor:/home/raju/hs_ws/install/hs:/home/raju/igv_ws/install/igv:/opt/ros/jazzy DEBUGINFOD_URLS=https://debuginfod.ubuntu.com LD_LIBRARY_PATH=/home/raju/igv/install/depthai_ros_msgs/lib:${LD_LIBRARY_PATH} PS1=\[\e]0;\u@\h: \w\a\]${debian_chroot:+($debian_chroot)}\[\033[01;32m\]\u@\h\[\033[00m\]:\[\033[01;34m\]\w\[\033[00m\]\$ PYTHONPATH=/home/raju/igv/install/depthai_ros_msgs/lib/python3.12/site-packages:${PYTHONPATH} /usr/bin/cmake --install /home/raju/igv/build/depthai_bridge
[10.466s] -- Install configuration: ""
[10.466s] -- Installing: /home/raju/igv/install/depthai_bridge/share/depthai_bridge/environment/library_path.sh
[10.466s] -- Installing: /home/raju/igv/install/depthai_bridge/share/depthai_bridge/environment/library_path.dsv
[10.466s] -- Installing: /home/raju/igv/install/depthai_bridge/include/
[10.466s] -- Installing: /home/raju/igv/install/depthai_bridge/include//depthai_bridge
[10.466s] -- Installing: /home/raju/igv/install/depthai_bridge/include//depthai_bridge/BridgePublisher.hpp
[10.466s] -- Installing: /home/raju/igv/install/depthai_bridge/include//depthai_bridge/TrackedFeaturesConverter.hpp
[10.466s] -- Installing: /home/raju/igv/install/depthai_bridge/include//depthai_bridge/TFPublisher.hpp
[10.466s] -- Installing: /home/raju/igv/install/depthai_bridge/include//depthai_bridge/ImuConverter.hpp
[10.466s] -- Installing: /home/raju/igv/install/depthai_bridge/include//depthai_bridge/DisparityConverter.hpp
[10.466s] -- Installing: /home/raju/igv/install/depthai_bridge/include//depthai_bridge/SpatialDetectionConverter.hpp
[10.466s] -- Installing: /home/raju/igv/install/depthai_bridge/include//depthai_bridge/TrackDetectionConverter.hpp
[10.466s] -- Installing: /home/raju/igv/install/depthai_bridge/include//depthai_bridge/ImageConverter.hpp
[10.466s] -- Installing: /home/raju/igv/install/depthai_bridge/include//depthai_bridge/depthaiUtility.hpp
[10.466s] -- Installing: /home/raju/igv/install/depthai_bridge/include//depthai_bridge/TrackSpatialDetectionConverter.hpp
[10.466s] -- Installing: /home/raju/igv/install/depthai_bridge/include//depthai_bridge/ImgDetectionConverter.hpp
[10.466s] -- Installing: /home/raju/igv/install/depthai_bridge/lib/libdepthai_bridge.so
[10.468s] -- Set non-toolchain portion of runtime path of "/home/raju/igv/install/depthai_bridge/lib/libdepthai_bridge.so" to ""
[10.468s] -- Installing: /home/raju/igv/install/depthai_bridge/share/depthai_bridge/cmake/depthai_bridgeTargets.cmake
[10.468s] -- Installing: /home/raju/igv/install/depthai_bridge/share/depthai_bridge/cmake/depthai_bridgeTargets-noconfig.cmake
[10.468s] -- Installing: /home/raju/igv/install/depthai_bridge/share/depthai_bridge/rviz
[10.468s] -- Installing: /home/raju/igv/install/depthai_bridge/share/depthai_bridge/rviz/pointCloud.rviz
[10.468s] -- Installing: /home/raju/igv/install/depthai_bridge/share/ament_index/resource_index/package_run_dependencies/depthai_bridge
[10.468s] -- Installing: /home/raju/igv/install/depthai_bridge/share/ament_index/resource_index/parent_prefix_path/depthai_bridge
[10.468s] -- Installing: /home/raju/igv/install/depthai_bridge/share/depthai_bridge/environment/ament_prefix_path.sh
[10.468s] -- Installing: /home/raju/igv/install/depthai_bridge/share/depthai_bridge/environment/ament_prefix_path.dsv
[10.468s] -- Installing: /home/raju/igv/install/depthai_bridge/share/depthai_bridge/environment/path.sh
[10.468s] -- Installing: /home/raju/igv/install/depthai_bridge/share/depthai_bridge/environment/path.dsv
[10.469s] -- Installing: /home/raju/igv/install/depthai_bridge/share/depthai_bridge/local_setup.bash
[10.469s] -- Installing: /home/raju/igv/install/depthai_bridge/share/depthai_bridge/local_setup.sh
[10.469s] -- Installing: /home/raju/igv/install/depthai_bridge/share/depthai_bridge/local_setup.zsh
[10.469s] -- Installing: /home/raju/igv/install/depthai_bridge/share/depthai_bridge/local_setup.dsv
[10.469s] -- Installing: /home/raju/igv/install/depthai_bridge/share/depthai_bridge/package.dsv
[10.469s] -- Installing: /home/raju/igv/install/depthai_bridge/share/ament_index/resource_index/packages/depthai_bridge
[10.469s] -- Installing: /home/raju/igv/install/depthai_bridge/share/depthai_bridge/cmake/depthai_bridgeTargetsExport.cmake
[10.469s] -- Installing: /home/raju/igv/install/depthai_bridge/share/depthai_bridge/cmake/depthai_bridgeTargetsExport-noconfig.cmake
[10.469s] -- Installing: /home/raju/igv/install/depthai_bridge/share/depthai_bridge/cmake/ament_cmake_export_targets-extras.cmake
[10.469s] -- Installing: /home/raju/igv/install/depthai_bridge/share/depthai_bridge/cmake/ament_cmake_export_include_directories-extras.cmake
[10.469s] -- Installing: /home/raju/igv/install/depthai_bridge/share/depthai_bridge/cmake/ament_cmake_export_libraries-extras.cmake
[10.469s] -- Installing: /home/raju/igv/install/depthai_bridge/share/depthai_bridge/cmake/ament_cmake_export_dependencies-extras.cmake
[10.469s] -- Installing: /home/raju/igv/install/depthai_bridge/share/depthai_bridge/cmake/depthai_bridgeConfig.cmake
[10.469s] -- Installing: /home/raju/igv/install/depthai_bridge/share/depthai_bridge/cmake/depthai_bridgeConfig-version.cmake
[10.469s] -- Installing: /home/raju/igv/install/depthai_bridge/share/depthai_bridge/package.xml
[10.471s] Invoked command in '/home/raju/igv/build/depthai_bridge' returned '0': AMENT_PREFIX_PATH=/home/raju/igv/install/depthai_ros_msgs:${AMENT_PREFIX_PATH} CMAKE_PREFIX_PATH=/home/raju/igv/install/depthai_ros_msgs:/usr/local:/home/raju/hs_ws/install/hs_test_:/home/raju/igv_ws/install/ydlidar_ros2_driver:/home/raju/igv_ws/install/igv_description:/home/raju/igv_ws/install/igv_bringup:/opt/ros/jazzy/opt/gz_math_vendor:/opt/ros/jazzy/opt/gz_utils_vendor:/opt/ros/jazzy/opt/gz_cmake_vendor:/home/raju/hs_ws/install/hs:/home/raju/igv_ws/install/igv:/opt/ros/jazzy DEBUGINFOD_URLS=https://debuginfod.ubuntu.com LD_LIBRARY_PATH=/home/raju/igv/install/depthai_ros_msgs/lib:${LD_LIBRARY_PATH} PS1=\[\e]0;\u@\h: \w\a\]${debian_chroot:+($debian_chroot)}\[\033[01;32m\]\u@\h\[\033[00m\]:\[\033[01;34m\]\w\[\033[00m\]\$ PYTHONPATH=/home/raju/igv/install/depthai_ros_msgs/lib/python3.12/site-packages:${PYTHONPATH} /usr/bin/cmake --install /home/raju/igv/build/depthai_bridge
