[0.339s] Invoking command in '/home/raju/igv/build/igv_bringup': CMAKE_PREFIX_PATH=${CMAKE_PREFIX_PATH}:/home/raju/igv/install/igv:/home/raju/hs_ws/install/hs:/home/raju/igv_ws/install/igv:/opt/ros/jazzy DEBUGINFOD_URLS=https://debuginfod.ubuntu.com PS1=\[\e]0;\u@\h: \w\a\]${debian_chroot:+($debian_chroot)}\[\033[01;32m\]\u@\h\[\033[00m\]:\[\033[01;34m\]\w\[\033[00m\]\$ /usr/bin/cmake --build /home/raju/igv/build/igv_bringup -- -j12 -l12
[0.415s] Invoked command in '/home/raju/igv/build/igv_bringup' returned '0': CMAKE_PREFIX_PATH=${CMAKE_PREFIX_PATH}:/home/raju/igv/install/igv:/home/raju/hs_ws/install/hs:/home/raju/igv_ws/install/igv:/opt/ros/jazzy DEBUGINFOD_URLS=https://debuginfod.ubuntu.com PS1=\[\e]0;\u@\h: \w\a\]${debian_chroot:+($debian_chroot)}\[\033[01;32m\]\u@\h\[\033[00m\]:\[\033[01;34m\]\w\[\033[00m\]\$ /usr/bin/cmake --build /home/raju/igv/build/igv_bringup -- -j12 -l12
[0.417s] Invoking command in '/home/raju/igv/build/igv_bringup': CMAKE_PREFIX_PATH=${CMAKE_PREFIX_PATH}:/home/raju/igv/install/igv:/home/raju/hs_ws/install/hs:/home/raju/igv_ws/install/igv:/opt/ros/jazzy DEBUGINFOD_URLS=https://debuginfod.ubuntu.com PS1=\[\e]0;\u@\h: \w\a\]${debian_chroot:+($debian_chroot)}\[\033[01;32m\]\u@\h\[\033[00m\]:\[\033[01;34m\]\w\[\033[00m\]\$ /usr/bin/cmake --install /home/raju/igv/build/igv_bringup
[0.431s] -- Install configuration: ""
[0.431s] -- Up-to-date: /home/raju/igv/install/igv_bringup/share/igv_bringup/launch
[0.432s] -- Up-to-date: /home/raju/igv/install/igv_bringup/share/igv_bringup/launch/igv_pf.launch.xml
[0.432s] -- Up-to-date: /home/raju/igv/install/igv_bringup/share/igv_bringup/launch/igv_f.launch.xml
[0.432s] -- Up-to-date: /home/raju/igv/install/igv_bringup/share/ament_index/resource_index/package_run_dependencies/igv_bringup
[0.432s] -- Up-to-date: /home/raju/igv/install/igv_bringup/share/ament_index/resource_index/parent_prefix_path/igv_bringup
[0.432s] -- Up-to-date: /home/raju/igv/install/igv_bringup/share/igv_bringup/environment/ament_prefix_path.sh
[0.432s] -- Up-to-date: /home/raju/igv/install/igv_bringup/share/igv_bringup/environment/ament_prefix_path.dsv
[0.432s] -- Up-to-date: /home/raju/igv/install/igv_bringup/share/igv_bringup/environment/path.sh
[0.433s] -- Up-to-date: /home/raju/igv/install/igv_bringup/share/igv_bringup/environment/path.dsv
[0.433s] -- Up-to-date: /home/raju/igv/install/igv_bringup/share/igv_bringup/local_setup.bash
[0.433s] -- Up-to-date: /home/raju/igv/install/igv_bringup/share/igv_bringup/local_setup.sh
[0.433s] -- Up-to-date: /home/raju/igv/install/igv_bringup/share/igv_bringup/local_setup.zsh
[0.434s] -- Up-to-date: /home/raju/igv/install/igv_bringup/share/igv_bringup/local_setup.dsv
[0.434s] -- Up-to-date: /home/raju/igv/install/igv_bringup/share/igv_bringup/package.dsv
[0.435s] -- Up-to-date: /home/raju/igv/install/igv_bringup/share/ament_index/resource_index/packages/igv_bringup
[0.435s] -- Up-to-date: /home/raju/igv/install/igv_bringup/share/igv_bringup/cmake/igv_bringupConfig.cmake
[0.436s] -- Up-to-date: /home/raju/igv/install/igv_bringup/share/igv_bringup/cmake/igv_bringupConfig-version.cmake
[0.437s] -- Up-to-date: /home/raju/igv/install/igv_bringup/share/igv_bringup/package.xml
[0.443s] Invoked command in '/home/raju/igv/build/igv_bringup' returned '0': CMAKE_PREFIX_PATH=${CMAKE_PREFIX_PATH}:/home/raju/igv/install/igv:/home/raju/hs_ws/install/hs:/home/raju/igv_ws/install/igv:/opt/ros/jazzy DEBUGINFOD_URLS=https://debuginfod.ubuntu.com PS1=\[\e]0;\u@\h: \w\a\]${debian_chroot:+($debian_chroot)}\[\033[01;32m\]\u@\h\[\033[00m\]:\[\033[01;34m\]\w\[\033[00m\]\$ /usr/bin/cmake --install /home/raju/igv/build/igv_bringup
