[0.082s] Invoking command in '/home/raju/igv/build/depthai_descriptions': CMAKE_PREFIX_PATH=${CMAKE_PREFIX_PATH}:/home/raju/igv/install/igv:/home/raju/hs_ws/install/hs:/home/raju/igv_ws/install/igv:/opt/ros/jazzy DEBUGINFOD_URLS=https://debuginfod.ubuntu.com /usr/bin/cmake --build /home/raju/igv/build/depthai_descriptions -- -j12 -l12
[0.446s] Invoked command in '/home/raju/igv/build/depthai_descriptions' returned '0': CMAKE_PREFIX_PATH=${CMAKE_PREFIX_PATH}:/home/raju/igv/install/igv:/home/raju/hs_ws/install/hs:/home/raju/igv_ws/install/igv:/opt/ros/jazzy DEBUGINFOD_URLS=https://debuginfod.ubuntu.com /usr/bin/cmake --build /home/raju/igv/build/depthai_descriptions -- -j12 -l12
[0.463s] Invoking command in '/home/raju/igv/build/depthai_descriptions': CMAKE_PREFIX_PATH=${CMAKE_PREFIX_PATH}:/home/raju/igv/install/igv:/home/raju/hs_ws/install/hs:/home/raju/igv_ws/install/igv:/opt/ros/jazzy DEBUGINFOD_URLS=https://debuginfod.ubuntu.com /usr/bin/cmake --install /home/raju/igv/build/depthai_descriptions
[0.477s] -- Install configuration: ""
[0.478s] -- Up-to-date: /home/raju/igv/install/depthai_descriptions/share/depthai_descriptions/launch
[0.478s] -- Up-to-date: /home/raju/igv/install/depthai_descriptions/share/depthai_descriptions/launch/urdf_launch.py
[0.478s] -- Up-to-date: /home/raju/igv/install/depthai_descriptions/share/depthai_descriptions/urdf
[0.478s] -- Up-to-date: /home/raju/igv/install/depthai_descriptions/share/depthai_descriptions/urdf/depthai_descr.urdf.xacro
[0.479s] -- Up-to-date: /home/raju/igv/install/depthai_descriptions/share/depthai_descriptions/urdf/include
[0.479s] -- Up-to-date: /home/raju/igv/install/depthai_descriptions/share/depthai_descriptions/urdf/include/depthai_macro.urdf.xacro
[0.479s] -- Up-to-date: /home/raju/igv/install/depthai_descriptions/share/depthai_descriptions/urdf/include/base_macro.urdf.xacro
[0.480s] -- Up-to-date: /home/raju/igv/install/depthai_descriptions/share/depthai_descriptions/urdf/models
[0.480s] -- Up-to-date: /home/raju/igv/install/depthai_descriptions/share/depthai_descriptions/urdf/models/OAK4-D.stl
[0.480s] -- Up-to-date: /home/raju/igv/install/depthai_descriptions/share/depthai_descriptions/urdf/models/OAK-D-IOT-75.stl
[0.480s] -- Up-to-date: /home/raju/igv/install/depthai_descriptions/share/depthai_descriptions/urdf/models/OAK-D-S2.stl
[0.480s] -- Up-to-date: /home/raju/igv/install/depthai_descriptions/share/depthai_descriptions/urdf/models/OAK-D-LITE.stl
[0.480s] -- Up-to-date: /home/raju/igv/install/depthai_descriptions/share/depthai_descriptions/urdf/models/OAK-D-CM4-POE.stl
[0.480s] -- Up-to-date: /home/raju/igv/install/depthai_descriptions/share/depthai_descriptions/urdf/models/OAK-T.stl
[0.481s] -- Up-to-date: /home/raju/igv/install/depthai_descriptions/share/depthai_descriptions/urdf/models/OAK-1.stl
[0.481s] -- Up-to-date: /home/raju/igv/install/depthai_descriptions/share/depthai_descriptions/urdf/models/OAK-D-SR-POE.stl
[0.481s] -- Up-to-date: /home/raju/igv/install/depthai_descriptions/share/depthai_descriptions/urdf/models/OAK-D-PRO-W.stl
[0.481s] -- Up-to-date: /home/raju/igv/install/depthai_descriptions/share/depthai_descriptions/urdf/models/OAK-D-LR.stl
[0.481s] -- Up-to-date: /home/raju/igv/install/depthai_descriptions/share/depthai_descriptions/urdf/models/OAK-D-SR.stl
[0.481s] -- Up-to-date: /home/raju/igv/install/depthai_descriptions/share/depthai_descriptions/urdf/models/OAK4-S.stl
[0.481s] -- Up-to-date: /home/raju/igv/install/depthai_descriptions/share/depthai_descriptions/urdf/models/OAK-D-POE.stl
[0.481s] -- Up-to-date: /home/raju/igv/install/depthai_descriptions/share/depthai_descriptions/urdf/models/OAK-D.stl
[0.481s] -- Up-to-date: /home/raju/igv/install/depthai_descriptions/share/depthai_descriptions/urdf/models/OAK-D-S2-POE.stl
[0.482s] -- Up-to-date: /home/raju/igv/install/depthai_descriptions/share/depthai_descriptions/urdf/models/OAK-D-PRO.stl
[0.482s] -- Up-to-date: /home/raju/igv/install/depthai_descriptions/share/depthai_descriptions/urdf/base_descr.urdf.xacro
[0.482s] -- Up-to-date: /home/raju/igv/install/depthai_descriptions/share/depthai_descriptions/environment/depthai_descriptions.sh
[0.482s] -- Up-to-date: /home/raju/igv/install/depthai_descriptions/share/depthai_descriptions/environment/depthai_descriptions.dsv
[0.482s] -- Up-to-date: /home/raju/igv/install/depthai_descriptions/share/ament_index/resource_index/package_run_dependencies/depthai_descriptions
[0.482s] -- Up-to-date: /home/raju/igv/install/depthai_descriptions/share/ament_index/resource_index/parent_prefix_path/depthai_descriptions
[0.482s] -- Up-to-date: /home/raju/igv/install/depthai_descriptions/share/depthai_descriptions/environment/ament_prefix_path.sh
[0.482s] -- Up-to-date: /home/raju/igv/install/depthai_descriptions/share/depthai_descriptions/environment/ament_prefix_path.dsv
[0.483s] -- Up-to-date: /home/raju/igv/install/depthai_descriptions/share/depthai_descriptions/environment/path.sh
[0.483s] -- Up-to-date: /home/raju/igv/install/depthai_descriptions/share/depthai_descriptions/environment/path.dsv
[0.483s] -- Up-to-date: /home/raju/igv/install/depthai_descriptions/share/depthai_descriptions/local_setup.bash
[0.483s] -- Up-to-date: /home/raju/igv/install/depthai_descriptions/share/depthai_descriptions/local_setup.sh
[0.483s] -- Up-to-date: /home/raju/igv/install/depthai_descriptions/share/depthai_descriptions/local_setup.zsh
[0.483s] -- Up-to-date: /home/raju/igv/install/depthai_descriptions/share/depthai_descriptions/local_setup.dsv
[0.483s] -- Installing: /home/raju/igv/install/depthai_descriptions/share/depthai_descriptions/package.dsv
[0.483s] -- Up-to-date: /home/raju/igv/install/depthai_descriptions/share/ament_index/resource_index/packages/depthai_descriptions
[0.483s] -- Up-to-date: /home/raju/igv/install/depthai_descriptions/share/depthai_descriptions/cmake/depthai_descriptionsConfig.cmake
[0.484s] -- Up-to-date: /home/raju/igv/install/depthai_descriptions/share/depthai_descriptions/cmake/depthai_descriptionsConfig-version.cmake
[0.484s] -- Up-to-date: /home/raju/igv/install/depthai_descriptions/share/depthai_descriptions/package.xml
[0.485s] Invoked command in '/home/raju/igv/build/depthai_descriptions' returned '0': CMAKE_PREFIX_PATH=${CMAKE_PREFIX_PATH}:/home/raju/igv/install/igv:/home/raju/hs_ws/install/hs:/home/raju/igv_ws/install/igv:/opt/ros/jazzy DEBUGINFOD_URLS=https://debuginfod.ubuntu.com /usr/bin/cmake --install /home/raju/igv/build/depthai_descriptions
