/home/raju/igv/install/igv/lib/python3.12/site-packages/igv/lidar_filter.py
/home/raju/igv/install/igv/lib/python3.12/site-packages/igv/oak_test.py
/home/raju/igv/install/igv/lib/python3.12/site-packages/igv/odometry.py
/home/raju/igv/install/igv/lib/python3.12/site-packages/igv/stage_1.py
/home/raju/igv/install/igv/lib/python3.12/site-packages/igv/scan_remap.py
/home/raju/igv/install/igv/lib/python3.12/site-packages/igv/sensor_fusion.py
/home/raju/igv/install/igv/lib/python3.12/site-packages/igv/line_following_f.py
/home/raju/igv/install/igv/lib/python3.12/site-packages/igv/terrian_detection.py
/home/raju/igv/install/igv/lib/python3.12/site-packages/igv/obstacle_camera.py
/home/raju/igv/install/igv/lib/python3.12/site-packages/igv/camera.py
/home/raju/igv/install/igv/lib/python3.12/site-packages/igv/__init__.py
/home/raju/igv/install/igv/lib/python3.12/site-packages/igv/qr.py
/home/raju/igv/install/igv/lib/python3.12/site-packages/igv/waypoints.py
/home/raju/igv/install/igv/lib/python3.12/site-packages/igv/line_follow.py
/home/raju/igv/install/igv/lib/python3.12/site-packages/igv/behaivour.py
/home/raju/igv/install/igv/lib/python3.12/site-packages/igv/line_follow_c.py
/home/raju/igv/install/igv/lib/python3.12/site-packages/igv/ekf.py
/home/raju/igv/install/igv/lib/python3.12/site-packages/igv/__pycache__/lidar_filter.cpython-312.pyc
/home/raju/igv/install/igv/lib/python3.12/site-packages/igv/__pycache__/oak_test.cpython-312.pyc
/home/raju/igv/install/igv/lib/python3.12/site-packages/igv/__pycache__/odometry.cpython-312.pyc
/home/raju/igv/install/igv/lib/python3.12/site-packages/igv/__pycache__/stage_1.cpython-312.pyc
/home/raju/igv/install/igv/lib/python3.12/site-packages/igv/__pycache__/scan_remap.cpython-312.pyc
/home/raju/igv/install/igv/lib/python3.12/site-packages/igv/__pycache__/sensor_fusion.cpython-312.pyc
/home/raju/igv/install/igv/lib/python3.12/site-packages/igv/__pycache__/line_following_f.cpython-312.pyc
/home/raju/igv/install/igv/lib/python3.12/site-packages/igv/__pycache__/terrian_detection.cpython-312.pyc
/home/raju/igv/install/igv/lib/python3.12/site-packages/igv/__pycache__/obstacle_camera.cpython-312.pyc
/home/raju/igv/install/igv/lib/python3.12/site-packages/igv/__pycache__/camera.cpython-312.pyc
/home/raju/igv/install/igv/lib/python3.12/site-packages/igv/__pycache__/__init__.cpython-312.pyc
/home/raju/igv/install/igv/lib/python3.12/site-packages/igv/__pycache__/qr.cpython-312.pyc
/home/raju/igv/install/igv/lib/python3.12/site-packages/igv/__pycache__/waypoints.cpython-312.pyc
/home/raju/igv/install/igv/lib/python3.12/site-packages/igv/__pycache__/line_follow.cpython-312.pyc
/home/raju/igv/install/igv/lib/python3.12/site-packages/igv/__pycache__/behaivour.cpython-312.pyc
/home/raju/igv/install/igv/lib/python3.12/site-packages/igv/__pycache__/line_follow_c.cpython-312.pyc
/home/raju/igv/install/igv/lib/python3.12/site-packages/igv/__pycache__/ekf.cpython-312.pyc
/home/raju/igv/install/igv/share/ament_index/resource_index/packages/igv
/home/raju/igv/install/igv/share/igv/package.xml
/home/raju/igv/install/igv/lib/python3.12/site-packages/igv-0.0.0-py3.12.egg-info/zip-safe
/home/raju/igv/install/igv/lib/python3.12/site-packages/igv-0.0.0-py3.12.egg-info/dependency_links.txt
/home/raju/igv/install/igv/lib/python3.12/site-packages/igv-0.0.0-py3.12.egg-info/top_level.txt
/home/raju/igv/install/igv/lib/python3.12/site-packages/igv-0.0.0-py3.12.egg-info/entry_points.txt
/home/raju/igv/install/igv/lib/python3.12/site-packages/igv-0.0.0-py3.12.egg-info/SOURCES.txt
/home/raju/igv/install/igv/lib/python3.12/site-packages/igv-0.0.0-py3.12.egg-info/requires.txt
/home/raju/igv/install/igv/lib/python3.12/site-packages/igv-0.0.0-py3.12.egg-info/PKG-INFO
/home/raju/igv/install/igv/lib/igv/camera_node
/home/raju/igv/install/igv/lib/igv/fusion
/home/raju/igv/install/igv/lib/igv/path
/home/raju/igv/install/igv/lib/igv/remap_scan
/home/raju/igv/install/igv/lib/igv/terrian
/home/raju/igv/install/igv/lib/igv/velocity_tune
