[0.289s] Invoking command in '/home/raju/igv/build/igv_description': CMAKE_PREFIX_PATH=${CMAKE_PREFIX_PATH}:/home/raju/igv/install/igv:/home/raju/hs_ws/install/hs:/home/raju/igv_ws/install/igv:/opt/ros/jazzy DEBUGINFOD_URLS=https://debuginfod.ubuntu.com /usr/bin/cmake --build /home/raju/igv/build/igv_description -- -j12 -l12
[0.368s] Invoked command in '/home/raju/igv/build/igv_description' returned '0': CMAKE_PREFIX_PATH=${CMAKE_PREFIX_PATH}:/home/raju/igv/install/igv:/home/raju/hs_ws/install/hs:/home/raju/igv_ws/install/igv:/opt/ros/jazzy DEBUGINFOD_URLS=https://debuginfod.ubuntu.com /usr/bin/cmake --build /home/raju/igv/build/igv_description -- -j12 -l12
[0.369s] Invoking command in '/home/raju/igv/build/igv_description': CMAKE_PREFIX_PATH=${CMAKE_PREFIX_PATH}:/home/raju/igv/install/igv:/home/raju/hs_ws/install/hs:/home/raju/igv_ws/install/igv:/opt/ros/jazzy DEBUGINFOD_URLS=https://debuginfod.ubuntu.com /usr/bin/cmake --install /home/raju/igv/build/igv_description
[0.382s] -- Install configuration: ""
[0.383s] -- Execute custom install script
[0.384s] -- Up-to-date symlink: /home/raju/igv/install/igv_description/share/igv_description/rviz/urdf.rviz
[0.384s] -- Up-to-date symlink: /home/raju/igv/install/igv_description/share/igv_description/urdf/igv.urdf.xacro
[0.385s] -- Up-to-date symlink: /home/raju/igv/install/igv_description/share/igv_description/urdf/materials.xacro
[0.385s] -- Up-to-date symlink: /home/raju/igv/install/igv_description/share/igv_description/urdf/plugins.xacro
[0.385s] -- Up-to-date symlink: /home/raju/igv/install/igv_description/share/igv_description/urdf/str.xacro
[0.385s] -- Up-to-date symlink: /home/raju/igv/install/igv_description/share/igv_description/launch/igv_d.launch.xml
[0.386s] -- Up-to-date symlink: /home/raju/igv/install/igv_description/share/igv_description/config/lifecycle.yaml
[0.386s] -- Up-to-date symlink: /home/raju/igv/install/igv_description/share/igv_description/config/nav2.yaml
[0.386s] -- Up-to-date symlink: /home/raju/igv/install/igv_description/share/igv_description/config/ros_gz_bridge.yaml
[0.386s] -- Up-to-date symlink: /home/raju/igv/install/igv_description/share/igv_description/config/slam.yaml
[0.386s] -- Up-to-date symlink: /home/raju/igv/install/igv_description/share/igv_description/config/twist_mux.yaml
[0.387s] -- Up-to-date symlink: /home/raju/igv/install/igv_description/share/igv_description/models/test_room/meshes/bank_world.stl
[0.387s] -- Up-to-date symlink: /home/raju/igv/install/igv_description/share/igv_description/models/test_room/meshes/empty_room.stl
[0.388s] -- Up-to-date symlink: /home/raju/igv/install/igv_description/share/igv_description/models/test_room/model.config
[0.388s] -- Up-to-date symlink: /home/raju/igv/install/igv_description/share/igv_description/models/test_room/model.sdf
[0.388s] -- Up-to-date symlink: /home/raju/igv/install/igv_description/share/igv_description/worlds/test_world.sdf
[0.388s] -- Up-to-date symlink: /home/raju/igv/install/igv_description/share/ament_index/resource_index/package_run_dependencies/igv_description
[0.388s] -- Up-to-date symlink: /home/raju/igv/install/igv_description/share/ament_index/resource_index/parent_prefix_path/igv_description
[0.389s] -- Up-to-date symlink: /home/raju/igv/install/igv_description/share/igv_description/environment/ament_prefix_path.sh
[0.389s] -- Up-to-date symlink: /home/raju/igv/install/igv_description/share/igv_description/environment/ament_prefix_path.dsv
[0.389s] -- Up-to-date symlink: /home/raju/igv/install/igv_description/share/igv_description/environment/path.sh
[0.389s] -- Up-to-date symlink: /home/raju/igv/install/igv_description/share/igv_description/environment/path.dsv
[0.389s] -- Up-to-date symlink: /home/raju/igv/install/igv_description/share/igv_description/local_setup.bash
[0.389s] -- Up-to-date symlink: /home/raju/igv/install/igv_description/share/igv_description/local_setup.sh
[0.390s] -- Up-to-date symlink: /home/raju/igv/install/igv_description/share/igv_description/local_setup.zsh
[0.390s] -- Up-to-date symlink: /home/raju/igv/install/igv_description/share/igv_description/local_setup.dsv
[0.390s] -- Symlinking: /home/raju/igv/install/igv_description/share/igv_description/package.dsv
[0.415s] -- Up-to-date symlink: /home/raju/igv/install/igv_description/share/ament_index/resource_index/packages/igv_description
[0.416s] -- Up-to-date symlink: /home/raju/igv/install/igv_description/share/igv_description/cmake/igv_descriptionConfig.cmake
[0.416s] -- Up-to-date symlink: /home/raju/igv/install/igv_description/share/igv_description/cmake/igv_descriptionConfig-version.cmake
[0.416s] -- Up-to-date symlink: /home/raju/igv/install/igv_description/share/igv_description/package.xml
[0.431s] Invoked command in '/home/raju/igv/build/igv_description' returned '0': CMAKE_PREFIX_PATH=${CMAKE_PREFIX_PATH}:/home/raju/igv/install/igv:/home/raju/hs_ws/install/hs:/home/raju/igv_ws/install/igv:/opt/ros/jazzy DEBUGINFOD_URLS=https://debuginfod.ubuntu.com /usr/bin/cmake --install /home/raju/igv/build/igv_description
