[0.024s] Invoking command in '/home/raju/igv/build/depthai_bridge': CMAKE_PREFIX_PATH=/home/raju/igv/install/depthai_ros_msgs:/home/raju/igv/install/ydlidar_sdk:/home/raju/igv/install/ydlidar_ros2_driver:/home/raju/igv/install/igv_description:/home/raju/igv/install/igv_bringup:/home/raju/igv/install/depthai-ros:/home/raju/igv/install/depthai_ros_driver:/home/raju/igv/install/depthai_filters:/home/raju/igv/install/depthai_bridge:/home/raju/igv/install/depthai_descriptions:/home/raju/hs_ws/install/hs_test_:/home/raju/igv_ws/install/ydlidar_ros2_driver:/home/raju/igv_ws/install/igv_description:/home/raju/igv_ws/install/igv_bringup:/opt/ros/jazzy/opt/gz_math_vendor:/opt/ros/jazzy/opt/gz_utils_vendor:/opt/ros/jazzy/opt/gz_cmake_vendor:/home/raju/igv/install/igv:/home/raju/hs_ws/install/hs:/home/raju/igv_ws/install/igv:/opt/ros/jazzy DEBUGINFOD_URLS=https://debuginfod.ubuntu.com LD_LIBRARY_PATH=/home/raju/igv/install/depthai_ros_msgs/lib:/home/raju/igv/install/depthai_ros_driver/lib:/home/raju/igv/install/depthai_filters/lib:/home/raju/igv/install/depthai_bridge/lib:/opt/ros/jazzy/opt/rviz_ogre_vendor/lib:/opt/ros/jazzy/lib/x86_64-linux-gnu:/opt/ros/jazzy/opt/gz_math_vendor/lib:/opt/ros/jazzy/opt/gz_utils_vendor/lib:/opt/ros/jazzy/opt/gz_cmake_vendor/lib:/opt/ros/jazzy/lib PS1=\[\e]0;\u@\h: \w\a\]${debian_chroot:+($debian_chroot)}\[\033[01;32m\]\u@\h\[\033[00m\]:\[\033[01;34m\]\w\[\033[00m\]\$ PYTHONPATH=/home/raju/igv/install/depthai_ros_msgs/lib/python3.12/site-packages:/home/raju/igv/install/igv/lib/python3.12/site-packages:/home/raju/igv/install/depthai_ros_driver/lib/python3.12/site-packages:/home/raju/hs_ws/install/hs/lib/python3.12/site-packages:/home/raju/igv_ws/install/igv/lib/python3.12/site-packages:/opt/ros/jazzy/lib/python3.12/site-packages /usr/bin/cmake --build /home/raju/igv/build/depthai_bridge -- -j12 -l12
[0.176s] [100%] Built target depthai_bridge
[0.208s] Invoked command in '/home/raju/igv/build/depthai_bridge' returned '0': CMAKE_PREFIX_PATH=/home/raju/igv/install/depthai_ros_msgs:/home/raju/igv/install/ydlidar_sdk:/home/raju/igv/install/ydlidar_ros2_driver:/home/raju/igv/install/igv_description:/home/raju/igv/install/igv_bringup:/home/raju/igv/install/depthai-ros:/home/raju/igv/install/depthai_ros_driver:/home/raju/igv/install/depthai_filters:/home/raju/igv/install/depthai_bridge:/home/raju/igv/install/depthai_descriptions:/home/raju/hs_ws/install/hs_test_:/home/raju/igv_ws/install/ydlidar_ros2_driver:/home/raju/igv_ws/install/igv_description:/home/raju/igv_ws/install/igv_bringup:/opt/ros/jazzy/opt/gz_math_vendor:/opt/ros/jazzy/opt/gz_utils_vendor:/opt/ros/jazzy/opt/gz_cmake_vendor:/home/raju/igv/install/igv:/home/raju/hs_ws/install/hs:/home/raju/igv_ws/install/igv:/opt/ros/jazzy DEBUGINFOD_URLS=https://debuginfod.ubuntu.com LD_LIBRARY_PATH=/home/raju/igv/install/depthai_ros_msgs/lib:/home/raju/igv/install/depthai_ros_driver/lib:/home/raju/igv/install/depthai_filters/lib:/home/raju/igv/install/depthai_bridge/lib:/opt/ros/jazzy/opt/rviz_ogre_vendor/lib:/opt/ros/jazzy/lib/x86_64-linux-gnu:/opt/ros/jazzy/opt/gz_math_vendor/lib:/opt/ros/jazzy/opt/gz_utils_vendor/lib:/opt/ros/jazzy/opt/gz_cmake_vendor/lib:/opt/ros/jazzy/lib PS1=\[\e]0;\u@\h: \w\a\]${debian_chroot:+($debian_chroot)}\[\033[01;32m\]\u@\h\[\033[00m\]:\[\033[01;34m\]\w\[\033[00m\]\$ PYTHONPATH=/home/raju/igv/install/depthai_ros_msgs/lib/python3.12/site-packages:/home/raju/igv/install/igv/lib/python3.12/site-packages:/home/raju/igv/install/depthai_ros_driver/lib/python3.12/site-packages:/home/raju/hs_ws/install/hs/lib/python3.12/site-packages:/home/raju/igv_ws/install/igv/lib/python3.12/site-packages:/opt/ros/jazzy/lib/python3.12/site-packages /usr/bin/cmake --build /home/raju/igv/build/depthai_bridge -- -j12 -l12
[0.211s] Invoking command in '/home/raju/igv/build/depthai_bridge': CMAKE_PREFIX_PATH=/home/raju/igv/install/depthai_ros_msgs:/home/raju/igv/install/ydlidar_sdk:/home/raju/igv/install/ydlidar_ros2_driver:/home/raju/igv/install/igv_description:/home/raju/igv/install/igv_bringup:/home/raju/igv/install/depthai-ros:/home/raju/igv/install/depthai_ros_driver:/home/raju/igv/install/depthai_filters:/home/raju/igv/install/depthai_bridge:/home/raju/igv/install/depthai_descriptions:/home/raju/hs_ws/install/hs_test_:/home/raju/igv_ws/install/ydlidar_ros2_driver:/home/raju/igv_ws/install/igv_description:/home/raju/igv_ws/install/igv_bringup:/opt/ros/jazzy/opt/gz_math_vendor:/opt/ros/jazzy/opt/gz_utils_vendor:/opt/ros/jazzy/opt/gz_cmake_vendor:/home/raju/igv/install/igv:/home/raju/hs_ws/install/hs:/home/raju/igv_ws/install/igv:/opt/ros/jazzy DEBUGINFOD_URLS=https://debuginfod.ubuntu.com LD_LIBRARY_PATH=/home/raju/igv/install/depthai_ros_msgs/lib:/home/raju/igv/install/depthai_ros_driver/lib:/home/raju/igv/install/depthai_filters/lib:/home/raju/igv/install/depthai_bridge/lib:/opt/ros/jazzy/opt/rviz_ogre_vendor/lib:/opt/ros/jazzy/lib/x86_64-linux-gnu:/opt/ros/jazzy/opt/gz_math_vendor/lib:/opt/ros/jazzy/opt/gz_utils_vendor/lib:/opt/ros/jazzy/opt/gz_cmake_vendor/lib:/opt/ros/jazzy/lib PS1=\[\e]0;\u@\h: \w\a\]${debian_chroot:+($debian_chroot)}\[\033[01;32m\]\u@\h\[\033[00m\]:\[\033[01;34m\]\w\[\033[00m\]\$ PYTHONPATH=/home/raju/igv/install/depthai_ros_msgs/lib/python3.12/site-packages:/home/raju/igv/install/igv/lib/python3.12/site-packages:/home/raju/igv/install/depthai_ros_driver/lib/python3.12/site-packages:/home/raju/hs_ws/install/hs/lib/python3.12/site-packages:/home/raju/igv_ws/install/igv/lib/python3.12/site-packages:/opt/ros/jazzy/lib/python3.12/site-packages /usr/bin/cmake --install /home/raju/igv/build/depthai_bridge
[0.223s] -- Install configuration: ""
[0.224s] -- Up-to-date: /home/raju/igv/install/depthai_bridge/share/depthai_bridge/environment/library_path.sh
[0.224s] -- Up-to-date: /home/raju/igv/install/depthai_bridge/share/depthai_bridge/environment/library_path.dsv
[0.224s] -- Up-to-date: /home/raju/igv/install/depthai_bridge/include/
[0.224s] -- Up-to-date: /home/raju/igv/install/depthai_bridge/include//depthai_bridge
[0.224s] -- Up-to-date: /home/raju/igv/install/depthai_bridge/include//depthai_bridge/BridgePublisher.hpp
[0.224s] -- Up-to-date: /home/raju/igv/install/depthai_bridge/include//depthai_bridge/TrackedFeaturesConverter.hpp
[0.224s] -- Up-to-date: /home/raju/igv/install/depthai_bridge/include//depthai_bridge/TFPublisher.hpp
[0.224s] -- Up-to-date: /home/raju/igv/install/depthai_bridge/include//depthai_bridge/ImuConverter.hpp
[0.225s] -- Up-to-date: /home/raju/igv/install/depthai_bridge/include//depthai_bridge/DisparityConverter.hpp
[0.225s] -- Up-to-date: /home/raju/igv/install/depthai_bridge/include//depthai_bridge/SpatialDetectionConverter.hpp
[0.225s] -- Up-to-date: /home/raju/igv/install/depthai_bridge/include//depthai_bridge/TrackDetectionConverter.hpp
[0.225s] -- Up-to-date: /home/raju/igv/install/depthai_bridge/include//depthai_bridge/ImageConverter.hpp
[0.225s] -- Up-to-date: /home/raju/igv/install/depthai_bridge/include//depthai_bridge/depthaiUtility.hpp
[0.225s] -- Up-to-date: /home/raju/igv/install/depthai_bridge/include//depthai_bridge/TrackSpatialDetectionConverter.hpp
[0.225s] -- Up-to-date: /home/raju/igv/install/depthai_bridge/include//depthai_bridge/ImgDetectionConverter.hpp
[0.225s] -- Up-to-date: /home/raju/igv/install/depthai_bridge/lib/libdepthai_bridge.so
[0.225s] -- Up-to-date: /home/raju/igv/install/depthai_bridge/share/depthai_bridge/cmake/depthai_bridgeTargets.cmake
[0.225s] -- Up-to-date: /home/raju/igv/install/depthai_bridge/share/depthai_bridge/cmake/depthai_bridgeTargets-noconfig.cmake
[0.226s] -- Up-to-date: /home/raju/igv/install/depthai_bridge/share/depthai_bridge/rviz
[0.226s] -- Up-to-date: /home/raju/igv/install/depthai_bridge/share/depthai_bridge/rviz/pointCloud.rviz
[0.226s] -- Up-to-date: /home/raju/igv/install/depthai_bridge/share/ament_index/resource_index/package_run_dependencies/depthai_bridge
[0.226s] -- Up-to-date: /home/raju/igv/install/depthai_bridge/share/ament_index/resource_index/parent_prefix_path/depthai_bridge
[0.226s] -- Up-to-date: /home/raju/igv/install/depthai_bridge/share/depthai_bridge/environment/ament_prefix_path.sh
[0.226s] -- Up-to-date: /home/raju/igv/install/depthai_bridge/share/depthai_bridge/environment/ament_prefix_path.dsv
[0.226s] -- Up-to-date: /home/raju/igv/install/depthai_bridge/share/depthai_bridge/environment/path.sh
[0.226s] -- Up-to-date: /home/raju/igv/install/depthai_bridge/share/depthai_bridge/environment/path.dsv
[0.226s] -- Up-to-date: /home/raju/igv/install/depthai_bridge/share/depthai_bridge/local_setup.bash
[0.226s] -- Up-to-date: /home/raju/igv/install/depthai_bridge/share/depthai_bridge/local_setup.sh
[0.227s] -- Up-to-date: /home/raju/igv/install/depthai_bridge/share/depthai_bridge/local_setup.zsh
[0.227s] -- Up-to-date: /home/raju/igv/install/depthai_bridge/share/depthai_bridge/local_setup.dsv
[0.227s] -- Installing: /home/raju/igv/install/depthai_bridge/share/depthai_bridge/package.dsv
[0.227s] -- Up-to-date: /home/raju/igv/install/depthai_bridge/share/ament_index/resource_index/packages/depthai_bridge
[0.227s] -- Up-to-date: /home/raju/igv/install/depthai_bridge/share/depthai_bridge/cmake/depthai_bridgeTargetsExport.cmake
[0.227s] -- Up-to-date: /home/raju/igv/install/depthai_bridge/share/depthai_bridge/cmake/depthai_bridgeTargetsExport-noconfig.cmake
[0.227s] -- Up-to-date: /home/raju/igv/install/depthai_bridge/share/depthai_bridge/cmake/ament_cmake_export_targets-extras.cmake
[0.227s] -- Up-to-date: /home/raju/igv/install/depthai_bridge/share/depthai_bridge/cmake/ament_cmake_export_include_directories-extras.cmake
[0.227s] -- Up-to-date: /home/raju/igv/install/depthai_bridge/share/depthai_bridge/cmake/ament_cmake_export_libraries-extras.cmake
[0.227s] -- Up-to-date: /home/raju/igv/install/depthai_bridge/share/depthai_bridge/cmake/ament_cmake_export_dependencies-extras.cmake
[0.227s] -- Up-to-date: /home/raju/igv/install/depthai_bridge/share/depthai_bridge/cmake/depthai_bridgeConfig.cmake
[0.227s] -- Up-to-date: /home/raju/igv/install/depthai_bridge/share/depthai_bridge/cmake/depthai_bridgeConfig-version.cmake
[0.228s] -- Up-to-date: /home/raju/igv/install/depthai_bridge/share/depthai_bridge/package.xml
[0.229s] Invoked command in '/home/raju/igv/build/depthai_bridge' returned '0': CMAKE_PREFIX_PATH=/home/raju/igv/install/depthai_ros_msgs:/home/raju/igv/install/ydlidar_sdk:/home/raju/igv/install/ydlidar_ros2_driver:/home/raju/igv/install/igv_description:/home/raju/igv/install/igv_bringup:/home/raju/igv/install/depthai-ros:/home/raju/igv/install/depthai_ros_driver:/home/raju/igv/install/depthai_filters:/home/raju/igv/install/depthai_bridge:/home/raju/igv/install/depthai_descriptions:/home/raju/hs_ws/install/hs_test_:/home/raju/igv_ws/install/ydlidar_ros2_driver:/home/raju/igv_ws/install/igv_description:/home/raju/igv_ws/install/igv_bringup:/opt/ros/jazzy/opt/gz_math_vendor:/opt/ros/jazzy/opt/gz_utils_vendor:/opt/ros/jazzy/opt/gz_cmake_vendor:/home/raju/igv/install/igv:/home/raju/hs_ws/install/hs:/home/raju/igv_ws/install/igv:/opt/ros/jazzy DEBUGINFOD_URLS=https://debuginfod.ubuntu.com LD_LIBRARY_PATH=/home/raju/igv/install/depthai_ros_msgs/lib:/home/raju/igv/install/depthai_ros_driver/lib:/home/raju/igv/install/depthai_filters/lib:/home/raju/igv/install/depthai_bridge/lib:/opt/ros/jazzy/opt/rviz_ogre_vendor/lib:/opt/ros/jazzy/lib/x86_64-linux-gnu:/opt/ros/jazzy/opt/gz_math_vendor/lib:/opt/ros/jazzy/opt/gz_utils_vendor/lib:/opt/ros/jazzy/opt/gz_cmake_vendor/lib:/opt/ros/jazzy/lib PS1=\[\e]0;\u@\h: \w\a\]${debian_chroot:+($debian_chroot)}\[\033[01;32m\]\u@\h\[\033[00m\]:\[\033[01;34m\]\w\[\033[00m\]\$ PYTHONPATH=/home/raju/igv/install/depthai_ros_msgs/lib/python3.12/site-packages:/home/raju/igv/install/igv/lib/python3.12/site-packages:/home/raju/igv/install/depthai_ros_driver/lib/python3.12/site-packages:/home/raju/hs_ws/install/hs/lib/python3.12/site-packages:/home/raju/igv_ws/install/igv/lib/python3.12/site-packages:/opt/ros/jazzy/lib/python3.12/site-packages /usr/bin/cmake --install /home/raju/igv/build/depthai_bridge
