[0.276s] Invoking command in '/home/raju/igv/build/igv_bringup': CMAKE_PREFIX_PATH=${CMAKE_PREFIX_PATH}:/home/raju/igv/install/igv:/home/raju/hs_ws/install/hs:/home/raju/igv_ws/install/igv:/opt/ros/jazzy DEBUGINFOD_URLS=https://debuginfod.ubuntu.com /usr/bin/cmake --build /home/raju/igv/build/igv_bringup -- -j12 -l12
[0.341s] Invoked command in '/home/raju/igv/build/igv_bringup' returned '0': CMAKE_PREFIX_PATH=${CMAKE_PREFIX_PATH}:/home/raju/igv/install/igv:/home/raju/hs_ws/install/hs:/home/raju/igv_ws/install/igv:/opt/ros/jazzy DEBUGINFOD_URLS=https://debuginfod.ubuntu.com /usr/bin/cmake --build /home/raju/igv/build/igv_bringup -- -j12 -l12
[0.357s] Invoking command in '/home/raju/igv/build/igv_bringup': CMAKE_PREFIX_PATH=${CMAKE_PREFIX_PATH}:/home/raju/igv/install/igv:/home/raju/hs_ws/install/hs:/home/raju/igv_ws/install/igv:/opt/ros/jazzy DEBUGINFOD_URLS=https://debuginfod.ubuntu.com /usr/bin/cmake --install /home/raju/igv/build/igv_bringup
[0.368s] -- Install configuration: ""
[0.368s] -- Execute custom install script
[0.368s] -- Up-to-date symlink: /home/raju/igv/install/igv_bringup/share/igv_bringup/launch/igv.launch.py
[0.368s] -- Up-to-date symlink: /home/raju/igv/install/igv_bringup/share/igv_bringup/launch/igv_f.launch.xml
[0.369s] -- Up-to-date symlink: /home/raju/igv/install/igv_bringup/share/igv_bringup/launch/igv_l.launch.py
[0.369s] -- Up-to-date symlink: /home/raju/igv/install/igv_bringup/share/igv_bringup/launch/igv_pf.launch.xml
[0.369s] -- Up-to-date symlink: /home/raju/igv/install/igv_bringup/share/ament_index/resource_index/package_run_dependencies/igv_bringup
[0.369s] -- Up-to-date symlink: /home/raju/igv/install/igv_bringup/share/ament_index/resource_index/parent_prefix_path/igv_bringup
[0.369s] -- Up-to-date symlink: /home/raju/igv/install/igv_bringup/share/igv_bringup/environment/ament_prefix_path.sh
[0.369s] -- Up-to-date symlink: /home/raju/igv/install/igv_bringup/share/igv_bringup/environment/ament_prefix_path.dsv
[0.370s] -- Up-to-date symlink: /home/raju/igv/install/igv_bringup/share/igv_bringup/environment/path.sh
[0.370s] -- Up-to-date symlink: /home/raju/igv/install/igv_bringup/share/igv_bringup/environment/path.dsv
[0.370s] -- Up-to-date symlink: /home/raju/igv/install/igv_bringup/share/igv_bringup/local_setup.bash
[0.370s] -- Up-to-date symlink: /home/raju/igv/install/igv_bringup/share/igv_bringup/local_setup.sh
[0.370s] -- Up-to-date symlink: /home/raju/igv/install/igv_bringup/share/igv_bringup/local_setup.zsh
[0.370s] -- Up-to-date symlink: /home/raju/igv/install/igv_bringup/share/igv_bringup/local_setup.dsv
[0.371s] -- Symlinking: /home/raju/igv/install/igv_bringup/share/igv_bringup/package.dsv
[0.381s] -- Up-to-date symlink: /home/raju/igv/install/igv_bringup/share/ament_index/resource_index/packages/igv_bringup
[0.381s] -- Up-to-date symlink: /home/raju/igv/install/igv_bringup/share/igv_bringup/cmake/igv_bringupConfig.cmake
[0.381s] -- Up-to-date symlink: /home/raju/igv/install/igv_bringup/share/igv_bringup/cmake/igv_bringupConfig-version.cmake
[0.382s] -- Up-to-date symlink: /home/raju/igv/install/igv_bringup/share/igv_bringup/package.xml
[0.384s] Invoked command in '/home/raju/igv/build/igv_bringup' returned '0': CMAKE_PREFIX_PATH=${CMAKE_PREFIX_PATH}:/home/raju/igv/install/igv:/home/raju/hs_ws/install/hs:/home/raju/igv_ws/install/igv:/opt/ros/jazzy DEBUGINFOD_URLS=https://debuginfod.ubuntu.com /usr/bin/cmake --install /home/raju/igv/build/igv_bringup
