[0.007s] Invoking command in '/home/raju/igv/build/depthai_descriptions': CMAKE_PREFIX_PATH=${CMAKE_PREFIX_PATH}:/home/raju/hs_ws/install/hs:/home/raju/igv_ws/install/igv:/opt/ros/jazzy DEBUGINFOD_URLS=https://debuginfod.ubuntu.com PS1=\[\e]0;\u@\h: \w\a\]${debian_chroot:+($debian_chroot)}\[\033[01;32m\]\u@\h\[\033[00m\]:\[\033[01;34m\]\w\[\033[00m\]\$ /usr/bin/cmake /home/raju/igv/src/depthai-ros/depthai_descriptions -DCMAKE_INSTALL_PREFIX=/home/raju/igv/install/depthai_descriptions
[0.046s] -- The C compiler identification is GNU 13.3.0
[0.082s] -- The CXX compiler identification is GNU 13.3.0
[0.094s] -- Detecting C compiler ABI info
[0.161s] -- Detecting C compiler ABI info - done
[0.171s] -- Check for working C compiler: /usr/bin/cc - skipped
[0.171s] -- Detecting C compile features
[0.171s] -- Detecting C compile features - done
[0.182s] -- Detecting CXX compiler ABI info
[0.258s] -- Detecting CXX compiler ABI info - done
[0.265s] -- Check for working CXX compiler: /usr/bin/c++ - skipped
[0.265s] -- Detecting CXX compile features
[0.265s] -- Detecting CXX compile features - done
[0.267s] -- Found ament_cmake: 2.5.5 (/opt/ros/jazzy/share/ament_cmake/cmake)
[0.367s] -- Found Python3: /usr/bin/python3 (found version "3.12.3") found components: Interpreter 
[0.493s] -- Configuring done (0.5s)
[0.494s] -- Generating done (0.0s)
[0.495s] -- Build files have been written to: /home/raju/igv/build/depthai_descriptions
[0.498s] Invoked command in '/home/raju/igv/build/depthai_descriptions' returned '0': CMAKE_PREFIX_PATH=${CMAKE_PREFIX_PATH}:/home/raju/hs_ws/install/hs:/home/raju/igv_ws/install/igv:/opt/ros/jazzy DEBUGINFOD_URLS=https://debuginfod.ubuntu.com PS1=\[\e]0;\u@\h: \w\a\]${debian_chroot:+($debian_chroot)}\[\033[01;32m\]\u@\h\[\033[00m\]:\[\033[01;34m\]\w\[\033[00m\]\$ /usr/bin/cmake /home/raju/igv/src/depthai-ros/depthai_descriptions -DCMAKE_INSTALL_PREFIX=/home/raju/igv/install/depthai_descriptions
[0.499s] Invoking command in '/home/raju/igv/build/depthai_descriptions': CMAKE_PREFIX_PATH=${CMAKE_PREFIX_PATH}:/home/raju/hs_ws/install/hs:/home/raju/igv_ws/install/igv:/opt/ros/jazzy DEBUGINFOD_URLS=https://debuginfod.ubuntu.com PS1=\[\e]0;\u@\h: \w\a\]${debian_chroot:+($debian_chroot)}\[\033[01;32m\]\u@\h\[\033[00m\]:\[\033[01;34m\]\w\[\033[00m\]\$ /usr/bin/cmake --build /home/raju/igv/build/depthai_descriptions -- -j12 -l12
[0.528s] Invoked command in '/home/raju/igv/build/depthai_descriptions' returned '0': CMAKE_PREFIX_PATH=${CMAKE_PREFIX_PATH}:/home/raju/hs_ws/install/hs:/home/raju/igv_ws/install/igv:/opt/ros/jazzy DEBUGINFOD_URLS=https://debuginfod.ubuntu.com PS1=\[\e]0;\u@\h: \w\a\]${debian_chroot:+($debian_chroot)}\[\033[01;32m\]\u@\h\[\033[00m\]:\[\033[01;34m\]\w\[\033[00m\]\$ /usr/bin/cmake --build /home/raju/igv/build/depthai_descriptions -- -j12 -l12
[0.534s] Invoking command in '/home/raju/igv/build/depthai_descriptions': CMAKE_PREFIX_PATH=${CMAKE_PREFIX_PATH}:/home/raju/hs_ws/install/hs:/home/raju/igv_ws/install/igv:/opt/ros/jazzy DEBUGINFOD_URLS=https://debuginfod.ubuntu.com PS1=\[\e]0;\u@\h: \w\a\]${debian_chroot:+($debian_chroot)}\[\033[01;32m\]\u@\h\[\033[00m\]:\[\033[01;34m\]\w\[\033[00m\]\$ /usr/bin/cmake --install /home/raju/igv/build/depthai_descriptions
[0.539s] -- Install configuration: ""
[0.539s] -- Installing: /home/raju/igv/install/depthai_descriptions/share/depthai_descriptions/launch
[0.539s] -- Installing: /home/raju/igv/install/depthai_descriptions/share/depthai_descriptions/launch/urdf_launch.py
[0.539s] -- Installing: /home/raju/igv/install/depthai_descriptions/share/depthai_descriptions/urdf
[0.539s] -- Installing: /home/raju/igv/install/depthai_descriptions/share/depthai_descriptions/urdf/depthai_descr.urdf.xacro
[0.539s] -- Installing: /home/raju/igv/install/depthai_descriptions/share/depthai_descriptions/urdf/include
[0.539s] -- Installing: /home/raju/igv/install/depthai_descriptions/share/depthai_descriptions/urdf/include/depthai_macro.urdf.xacro
[0.539s] -- Installing: /home/raju/igv/install/depthai_descriptions/share/depthai_descriptions/urdf/include/base_macro.urdf.xacro
[0.539s] -- Installing: /home/raju/igv/install/depthai_descriptions/share/depthai_descriptions/urdf/models
[0.539s] -- Installing: /home/raju/igv/install/depthai_descriptions/share/depthai_descriptions/urdf/models/OAK4-D.stl
[0.546s] -- Installing: /home/raju/igv/install/depthai_descriptions/share/depthai_descriptions/urdf/models/OAK-D-IOT-75.stl
[0.551s] -- Installing: /home/raju/igv/install/depthai_descriptions/share/depthai_descriptions/urdf/models/OAK-D-S2.stl
[0.554s] -- Installing: /home/raju/igv/install/depthai_descriptions/share/depthai_descriptions/urdf/models/OAK-D-LITE.stl
[0.557s] -- Installing: /home/raju/igv/install/depthai_descriptions/share/depthai_descriptions/urdf/models/OAK-D-CM4-POE.stl
[0.564s] -- Installing: /home/raju/igv/install/depthai_descriptions/share/depthai_descriptions/urdf/models/OAK-T.stl
[0.568s] -- Installing: /home/raju/igv/install/depthai_descriptions/share/depthai_descriptions/urdf/models/OAK-1.stl
[0.573s] -- Installing: /home/raju/igv/install/depthai_descriptions/share/depthai_descriptions/urdf/models/OAK-D-SR-POE.stl
[0.574s] -- Installing: /home/raju/igv/install/depthai_descriptions/share/depthai_descriptions/urdf/models/OAK-D-PRO-W.stl
[0.579s] -- Installing: /home/raju/igv/install/depthai_descriptions/share/depthai_descriptions/urdf/models/OAK-D-LR.stl
[0.581s] -- Installing: /home/raju/igv/install/depthai_descriptions/share/depthai_descriptions/urdf/models/OAK-D-SR.stl
[0.585s] -- Installing: /home/raju/igv/install/depthai_descriptions/share/depthai_descriptions/urdf/models/OAK4-S.stl
[0.587s] -- Installing: /home/raju/igv/install/depthai_descriptions/share/depthai_descriptions/urdf/models/OAK-D-POE.stl
[0.591s] -- Installing: /home/raju/igv/install/depthai_descriptions/share/depthai_descriptions/urdf/models/OAK-D.stl
[0.593s] -- Installing: /home/raju/igv/install/depthai_descriptions/share/depthai_descriptions/urdf/models/OAK-D-S2-POE.stl
[0.598s] -- Installing: /home/raju/igv/install/depthai_descriptions/share/depthai_descriptions/urdf/models/OAK-D-PRO.stl
[0.601s] -- Installing: /home/raju/igv/install/depthai_descriptions/share/depthai_descriptions/urdf/base_descr.urdf.xacro
[0.602s] -- Installing: /home/raju/igv/install/depthai_descriptions/share/depthai_descriptions/environment/depthai_descriptions.sh
[0.602s] -- Installing: /home/raju/igv/install/depthai_descriptions/share/depthai_descriptions/environment/depthai_descriptions.dsv
[0.602s] -- Installing: /home/raju/igv/install/depthai_descriptions/share/ament_index/resource_index/package_run_dependencies/depthai_descriptions
[0.602s] -- Installing: /home/raju/igv/install/depthai_descriptions/share/ament_index/resource_index/parent_prefix_path/depthai_descriptions
[0.602s] -- Installing: /home/raju/igv/install/depthai_descriptions/share/depthai_descriptions/environment/ament_prefix_path.sh
[0.602s] -- Installing: /home/raju/igv/install/depthai_descriptions/share/depthai_descriptions/environment/ament_prefix_path.dsv
[0.602s] -- Installing: /home/raju/igv/install/depthai_descriptions/share/depthai_descriptions/environment/path.sh
[0.602s] -- Installing: /home/raju/igv/install/depthai_descriptions/share/depthai_descriptions/environment/path.dsv
[0.602s] -- Installing: /home/raju/igv/install/depthai_descriptions/share/depthai_descriptions/local_setup.bash
[0.602s] -- Installing: /home/raju/igv/install/depthai_descriptions/share/depthai_descriptions/local_setup.sh
[0.602s] -- Installing: /home/raju/igv/install/depthai_descriptions/share/depthai_descriptions/local_setup.zsh
[0.602s] -- Installing: /home/raju/igv/install/depthai_descriptions/share/depthai_descriptions/local_setup.dsv
[0.602s] -- Installing: /home/raju/igv/install/depthai_descriptions/share/depthai_descriptions/package.dsv
[0.602s] -- Installing: /home/raju/igv/install/depthai_descriptions/share/ament_index/resource_index/packages/depthai_descriptions
[0.602s] -- Installing: /home/raju/igv/install/depthai_descriptions/share/depthai_descriptions/cmake/depthai_descriptionsConfig.cmake
[0.602s] -- Installing: /home/raju/igv/install/depthai_descriptions/share/depthai_descriptions/cmake/depthai_descriptionsConfig-version.cmake
[0.602s] -- Installing: /home/raju/igv/install/depthai_descriptions/share/depthai_descriptions/package.xml
[0.604s] Invoked command in '/home/raju/igv/build/depthai_descriptions' returned '0': CMAKE_PREFIX_PATH=${CMAKE_PREFIX_PATH}:/home/raju/hs_ws/install/hs:/home/raju/igv_ws/install/igv:/opt/ros/jazzy DEBUGINFOD_URLS=https://debuginfod.ubuntu.com PS1=\[\e]0;\u@\h: \w\a\]${debian_chroot:+($debian_chroot)}\[\033[01;32m\]\u@\h\[\033[00m\]:\[\033[01;34m\]\w\[\033[00m\]\$ /usr/bin/cmake --install /home/raju/igv/build/depthai_descriptions
